Component: ARM Compiler 5.06 update 5 (build 528) Tool: armlink [4d35e2]

==============================================================================

Section Cross References

    glcd_scroll.o(i.append_char) refers to glcd_scroll.o(i.refresh_lcd) for refresh_lcd
    glcd_scroll.o(i.append_char) refers to glcd_spi_lpc1700.o(i.GLCD_DisplayChar) for GLCD_DisplayChar
    glcd_scroll.o(i.append_char) refers to glcd_scroll.o(i.last_line) for last_line
    glcd_scroll.o(i.append_char) refers to glcd_scroll.o(.data) for last_col_cahche
    glcd_scroll.o(i.append_char) refers to glcd_scroll.o(.bss) for chache
    glcd_scroll.o(i.init_scroll) refers to glcd_spi_lpc1700.o(i.GLCD_Init) for GLCD_Init
    glcd_scroll.o(i.init_scroll) refers to glcd_spi_lpc1700.o(i.GLCD_Clear) for GLCD_Clear
    glcd_scroll.o(i.init_scroll) refers to glcd_spi_lpc1700.o(i.GLCD_SetBackColor) for GLCD_SetBackColor
    glcd_scroll.o(i.init_scroll) refers to glcd_spi_lpc1700.o(i.GLCD_SetTextColor) for GLCD_SetTextColor
    glcd_scroll.o(i.init_scroll) refers to glcd_scroll.o(.data) for cache_start
    glcd_scroll.o(i.joyStickBusyWaitingMonitor) refers to glcd_scroll.o(i.moveUp) for moveUp
    glcd_scroll.o(i.joyStickBusyWaitingMonitor) refers to glcd_scroll.o(i.moveDown) for moveDown
    glcd_scroll.o(i.joyStickBusyWaitingMonitor) refers to glcd_scroll.o(i.moveFirst) for moveFirst
    glcd_scroll.o(i.joyStickBusyWaitingMonitor) refers to glcd_scroll.o(i.moveLast) for moveLast
    glcd_scroll.o(i.last_line) refers to glcd_scroll.o(.data) for cache_start
    glcd_scroll.o(i.last_window_line) refers to glcd_scroll.o(.data) for window_start
    glcd_scroll.o(i.moveDown) refers to glcd_scroll.o(i.last_line) for last_line
    glcd_scroll.o(i.moveDown) refers to glcd_scroll.o(i.last_window_line) for last_window_line
    glcd_scroll.o(i.moveDown) refers to glcd_scroll.o(i.refresh_lcd) for refresh_lcd
    glcd_scroll.o(i.moveDown) refers to glcd_scroll.o(.data) for window_start
    glcd_scroll.o(i.moveFirst) refers to glcd_scroll.o(i.refresh_lcd) for refresh_lcd
    glcd_scroll.o(i.moveFirst) refers to glcd_scroll.o(.data) for window_start
    glcd_scroll.o(i.moveLast) refers to glcd_scroll.o(i.last_line) for last_line
    glcd_scroll.o(i.moveLast) refers to glcd_scroll.o(i.last_window_line) for last_window_line
    glcd_scroll.o(i.moveLast) refers to glcd_scroll.o(i.refresh_lcd) for refresh_lcd
    glcd_scroll.o(i.moveLast) refers to glcd_scroll.o(.data) for cache_size
    glcd_scroll.o(i.moveUp) refers to glcd_scroll.o(i.refresh_lcd) for refresh_lcd
    glcd_scroll.o(i.moveUp) refers to glcd_scroll.o(.data) for window_start
    glcd_scroll.o(i.print_string) refers to glcd_scroll.o(i.print_text) for print_text
    glcd_scroll.o(i.print_text) refers to glcd_scroll.o(i.append_char) for append_char
    glcd_scroll.o(i.refresh_lcd) refers to glcd_spi_lpc1700.o(i.GLCD_Clear) for GLCD_Clear
    glcd_scroll.o(i.refresh_lcd) refers to glcd_spi_lpc1700.o(i.GLCD_DisplayString) for GLCD_DisplayString
    glcd_scroll.o(i.refresh_lcd) refers to glcd_scroll.o(.data) for window_start
    glcd_scroll.o(i.refresh_lcd) refers to glcd_scroll.o(.bss) for chache
    glcd_spi_lpc1700.o(i.GLCD_Bargraph) refers to glcd_spi_lpc1700.o(i.GLCD_SetWindow) for GLCD_SetWindow
    glcd_spi_lpc1700.o(i.GLCD_Bargraph) refers to glcd_spi_lpc1700.o(i.wr_cmd) for wr_cmd
    glcd_spi_lpc1700.o(i.GLCD_Bargraph) refers to glcd_spi_lpc1700.o(i.wr_dat_start) for wr_dat_start
    glcd_spi_lpc1700.o(i.GLCD_Bargraph) refers to glcd_spi_lpc1700.o(i.wr_dat_only) for wr_dat_only
    glcd_spi_lpc1700.o(i.GLCD_Bargraph) refers to glcd_spi_lpc1700.o(i.wr_dat_stop) for wr_dat_stop
    glcd_spi_lpc1700.o(i.GLCD_Bargraph) refers to glcd_spi_lpc1700.o(.data) for Color
    glcd_spi_lpc1700.o(i.GLCD_Bitmap) refers to glcd_spi_lpc1700.o(i.GLCD_SetWindow) for GLCD_SetWindow
    glcd_spi_lpc1700.o(i.GLCD_Bitmap) refers to glcd_spi_lpc1700.o(i.wr_cmd) for wr_cmd
    glcd_spi_lpc1700.o(i.GLCD_Bitmap) refers to glcd_spi_lpc1700.o(i.wr_dat_start) for wr_dat_start
    glcd_spi_lpc1700.o(i.GLCD_Bitmap) refers to glcd_spi_lpc1700.o(i.wr_dat_only) for wr_dat_only
    glcd_spi_lpc1700.o(i.GLCD_Bitmap) refers to glcd_spi_lpc1700.o(i.wr_dat_stop) for wr_dat_stop
    glcd_spi_lpc1700.o(i.GLCD_Clear) refers to glcd_spi_lpc1700.o(i.GLCD_WindowMax) for GLCD_WindowMax
    glcd_spi_lpc1700.o(i.GLCD_Clear) refers to glcd_spi_lpc1700.o(i.wr_cmd) for wr_cmd
    glcd_spi_lpc1700.o(i.GLCD_Clear) refers to glcd_spi_lpc1700.o(i.wr_dat_start) for wr_dat_start
    glcd_spi_lpc1700.o(i.GLCD_Clear) refers to glcd_spi_lpc1700.o(i.wr_dat_only) for wr_dat_only
    glcd_spi_lpc1700.o(i.GLCD_Clear) refers to glcd_spi_lpc1700.o(i.wr_dat_stop) for wr_dat_stop
    glcd_spi_lpc1700.o(i.GLCD_ClearLn) refers to glcd_spi_lpc1700.o(i.GLCD_WindowMax) for GLCD_WindowMax
    glcd_spi_lpc1700.o(i.GLCD_ClearLn) refers to glcd_spi_lpc1700.o(i.GLCD_DisplayString) for GLCD_DisplayString
[...]
    rt_robin.o(i.rt_chk_robin) refers to rt_list.o(.bss) for os_rdy
    rt_robin.o(i.rt_chk_robin) refers to rt_time.o(.data) for os_time
    rt_robin.o(i.rt_init_robin) refers to rt_robin.o(.data) for .data
    rt_robin.o(i.rt_init_robin) refers to rtx_conf_cm.o(.constdata) for os_rrobin
    hal_cm3.o(.emb_text) refers to rtx_conf_cm.o(.constdata) for os_flags
    hal_cm3.o(.emb_text) refers to rt_membox.o(i.rt_alloc_box) for rt_alloc_box
    hal_cm3.o(.emb_text) refers to rt_membox.o(i.rt_free_box) for rt_free_box
    hal_cm3.o(.emb_text) refers to rt_system.o(i.rt_stk_check) for rt_stk_check
    hal_cm3.o(.emb_text) refers to rt_task.o(.data) for os_tsk
    hal_cm3.o(.emb_text) refers to svc_table.o(SVC_TABLE) for SVC_Count
    hal_cm3.o(.emb_text) refers to rt_system.o(i.rt_pop_req) for rt_pop_req
    hal_cm3.o(.emb_text) refers to rt_system.o(i.rt_systick) for rt_systick
    hal_cm3.o(.emb_text) refers to rt_system.o(i.os_tick_irqack) for os_tick_irqack
    entry.o(.ARM.Collect$$$$00000000) refers (Special) to entry10a.o(.ARM.Collect$$$$0000000D) for __rt_final_cpp
    entry.o(.ARM.Collect$$$$00000000) refers (Special) to entry11a.o(.ARM.Collect$$$$0000000F) for __rt_final_exit
    entry.o(.ARM.Collect$$$$00000000) refers (Special) to entry7b.o(.ARM.Collect$$$$00000008) for _main_clock
    entry.o(.ARM.Collect$$$$00000000) refers (Special) to entry8b.o(.ARM.Collect$$$$0000000A) for _main_cpp_init
    entry.o(.ARM.Collect$$$$00000000) refers (Special) to rtx_conf_cm.o(.ARM.Collect$$$$000000FF) for _main_init
    entry.o(.ARM.Collect$$$$00000000) refers (Special) to entry5.o(.ARM.Collect$$$$00000004) for _main_scatterload
    entry.o(.ARM.Collect$$$$00000000) refers (Special) to entry2.o(.ARM.Collect$$$$00000001) for _main_stk
    uldiv.o(.text) refers to llushr.o(.text) for __aeabi_llsr
    uldiv.o(.text) refers to llshl.o(.text) for __aeabi_llsl
    printfb.o(i.__0fprintf$bare) refers to printfb.o(i._printf_core) for _printf_core
    printfb.o(i.__0fprintf$bare) refers to retarget.o(i.fputc) for fputc
    printfb.o(i.__0printf$bare) refers to printfb.o(i._printf_core) for _printf_core
    printfb.o(i.__0printf$bare) refers to retarget.o(i.fputc) for fputc
    printfb.o(i.__0printf$bare) refers to retarget.o(.data) for __stdout
    printfb.o(i.__0snprintf$bare) refers to printfb.o(i._printf_core) for _printf_core
    printfb.o(i.__0snprintf$bare) refers to printfb.o(i._snputc) for _snputc
    printfb.o(i.__0sprintf$bare) refers to printfb.o(i._printf_core) for _printf_core
    printfb.o(i.__0sprintf$bare) refers to printfb.o(i._sputc) for _sputc
    printfb.o(i.__0vfprintf$bare) refers to printfb.o(i._printf_core) for _printf_core
    printfb.o(i.__0vfprintf$bare) refers to retarget.o(i.fputc) for fputc
    printfb.o(i.__0vprintf$bare) refers to printfb.o(i._printf_core) for _printf_core
    printfb.o(i.__0vprintf$bare) refers to retarget.o(i.fputc) for fputc
    printfb.o(i.__0vprintf$bare) refers to retarget.o(.data) for __stdout
    printfb.o(i.__0vsnprintf$bare) refers to printfb.o(i._printf_core) for _printf_core
    printfb.o(i.__0vsnprintf$bare) refers to printfb.o(i._snputc) for _snputc
    printfb.o(i.__0vsprintf$bare) refers to printfb.o(i._printf_core) for _printf_core
    printfb.o(i.__0vsprintf$bare) refers to printfb.o(i._sputc) for _sputc
    printf0.o(i.__0fprintf$0) refers to printf0.o(i._printf_core) for _printf_core
    printf0.o(i.__0fprintf$0) refers to retarget.o(i.fputc) for fputc
    printf0.o(i.__0printf$0) refers to printf0.o(i._printf_core) for _printf_core
    printf0.o(i.__0printf$0) refers to retarget.o(i.fputc) for fputc
    printf0.o(i.__0printf$0) refers to retarget.o(.data) for __stdout
    printf0.o(i.__0snprintf$0) refers to printf0.o(i._printf_core) for _printf_core
    printf0.o(i.__0snprintf$0) refers to printf0.o(i._snputc) for _snputc
    printf0.o(i.__0sprintf$0) refers to printf0.o(i._printf_core) for _printf_core
    printf0.o(i.__0sprintf$0) refers to printf0.o(i._sputc) for _sputc
    printf0.o(i.__0vfprintf$0) refers to printf0.o(i._printf_core) for _printf_core
    printf0.o(i.__0vfprintf$0) refers to retarget.o(i.fputc) for fputc
    printf0.o(i.__0vprintf$0) refers to printf0.o(i._printf_core) for _printf_core
    printf0.o(i.__0vprintf$0) refers to retarget.o(i.fputc) for fputc
    printf0.o(i.__0vprintf$0) refers to retarget.o(.data) for __stdout
    printf0.o(i.__0vsnprintf$0) refers to printf0.o(i._printf_core) for _printf_core
    printf0.o(i.__0vsnprintf$0) refers to printf0.o(i._snputc) for _snputc
    printf0.o(i.__0vsprintf$0) refers to printf0.o(i._printf_core) for _printf_core
    printf0.o(i.__0vsprintf$0) refers to printf0.o(i._sputc) for _sputc
    printf1.o(i.__0fprintf$1) refers to printf1.o(i._printf_core) for _printf_core
    printf1.o(i.__0fprintf$1) refers to retarget.o(i.fputc) for fputc
    printf1.o(i.__0printf$1) refers to printf1.o(i._printf_core) for _printf_core
    printf1.o(i.__0printf$1) refers to retarget.o(i.fputc) for fputc
    printf1.o(i.__0printf$1) refers to retarget.o(.data) for __stdout
    printf1.o(i.__0snprintf$1) refers to printf1.o(i._printf_core) for _printf_core
    printf1.o(i.__0snprintf$1) refers to printf1.o(i._snputc) for _snputc
    printf1.o(i.__0sprintf$1) refers to printf1.o(i._printf_core) for _printf_core
    printf1.o(i.__0sprintf$1) refers to printf1.o(i._sputc) for _sputc
    printf1.o(i.__0vfprintf$1) refers to printf1.o(i._printf_core) for _printf_core
    printf1.o(i.__0vfprintf$1) refers to retarget.o(i.fputc) for fputc
    printf1.o(i.__0vprintf$1) refers to printf1.o(i._printf_core) for _printf_core
    printf1.o(i.__0vprintf$1) refers to retarget.o(i.fputc) for fputc
    printf1.o(i.__0vprintf$1) refers to retarget.o(.data) for __stdout
    printf1.o(i.__0vsnprintf$1) refers to printf1.o(i._printf_core) for _printf_core
    printf1.o(i.__0vsnprintf$1) refers to printf1.o(i._snputc) for _snputc
    printf1.o(i.__0vsprintf$1) refers to printf1.o(i._printf_core) for _printf_core
    printf1.o(i.__0vsprintf$1) refers to printf1.o(i._sputc) for _sputc
    printf1.o(i._printf_core) refers to uidiv.o(.text) for __aeabi_uidivmod
    printf2.o(i.__0fprintf$2) refers to printf2.o(i._printf_core) for _printf_core
    printf2.o(i.__0fprintf$2) refers to retarget.o(i.fputc) for fputc
    printf2.o(i.__0printf$2) refers to printf2.o(i._printf_core) for _printf_core
    printf2.o(i.__0printf$2) refers to retarget.o(i.fputc) for fputc
    printf2.o(i.__0printf$2) refers to retarget.o(.data) for __stdout
    printf2.o(i.__0snprintf$2) refers to printf2.o(i._printf_core) for _printf_core
    printf2.o(i.__0snprintf$2) refers to printf2.o(i._snputc) for _snputc
    printf2.o(i.__0sprintf$2) refers to printf2.o(i._printf_core) for _printf_core
    printf2.o(i.__0sprintf$2) refers to printf2.o(i._sputc) for _sputc
    printf2.o(i.__0vfprintf$2) refers to printf2.o(i._printf_core) for _printf_core
    printf2.o(i.__0vfprintf$2) refers to retarget.o(i.fputc) for fputc
    printf2.o(i.__0vprintf$2) refers to printf2.o(i._printf_core) for _printf_core
    printf2.o(i.__0vprintf$2) refers to retarget.o(i.fputc) for fputc
    printf2.o(i.__0vprintf$2) refers to retarget.o(.data) for __stdout
    printf2.o(i.__0vsnprintf$2) refers to printf2.o(i._printf_core) for _printf_core
    printf2.o(i.__0vsnprintf$2) refers to printf2.o(i._snputc) for _snputc
    printf2.o(i.__0vsprintf$2) refers to printf2.o(i._printf_core) for _printf_core
    printf2.o(i.__0vsprintf$2) refers to printf2.o(i._sputc) for _sputc
    printf3.o(i.__0fprintf$3) refers to printf3.o(i._printf_core) for _printf_core
    printf3.o(i.__0fprintf$3) refers to retarget.o(i.fputc) for fputc
    printf3.o(i.__0printf$3) refers to printf3.o(i._printf_core) for _printf_core
    printf3.o(i.__0printf$3) refers to retarget.o(i.fputc) for fputc
    printf3.o(i.__0printf$3) refers to retarget.o(.data) for __stdout
    printf3.o(i.__0snprintf$3) refers to printf3.o(i._printf_core) for _printf_core
    printf3.o(i.__0snprintf$3) refers to printf3.o(i._snputc) for _snputc
    printf3.o(i.__0sprintf$3) refers to printf3.o(i._printf_core) for _printf_core
    printf3.o(i.__0sprintf$3) refers to printf3.o(i._sputc) for _sputc
    printf3.o(i.__0vfprintf$3) refers to printf3.o(i._printf_core) for _printf_core
    printf3.o(i.__0vfprintf$3) refers to retarget.o(i.fputc) for fputc
    printf3.o(i.__0vprintf$3) refers to printf3.o(i._printf_core) for _printf_core
    printf3.o(i.__0vprintf$3) refers to retarget.o(i.fputc) for fputc
    printf3.o(i.__0vprintf$3) refers to retarget.o(.data) for __stdout
    printf3.o(i.__0vsnprintf$3) refers to printf3.o(i._printf_core) for _printf_core
    printf3.o(i.__0vsnprintf$3) refers to printf3.o(i._snputc) for _snputc
    printf3.o(i.__0vsprintf$3) refers to printf3.o(i._printf_core) for _printf_core
    printf3.o(i.__0vsprintf$3) refers to printf3.o(i._sputc) for _sputc
    printf3.o(i._printf_core) refers to uidiv.o(.text) for __aeabi_uidivmod
    printf4.o(i.__0fprintf$4) refers to printf4.o(i._printf_core) for _printf_core
    printf4.o(i.__0fprintf$4) refers to retarget.o(i.fputc) for fputc
    printf4.o(i.__0printf$4) refers to printf4.o(i._printf_core) for _printf_core
    printf4.o(i.__0printf$4) refers to retarget.o(i.fputc) for fputc
    printf4.o(i.__0printf$4) refers to retarget.o(.data) for __stdout
    printf4.o(i.__0snprintf$4) refers to printf4.o(i._printf_core) for _printf_core
    printf4.o(i.__0snprintf$4) refers to printf4.o(i._snputc) for _snputc
    printf4.o(i.__0sprintf$4) refers to printf4.o(i._printf_core) for _printf_core
    printf4.o(i.__0sprintf$4) refers to printf4.o(i._sputc) for _sputc
    printf4.o(i.__0vfprintf$4) refers to printf4.o(i._printf_core) for _printf_core
    printf4.o(i.__0vfprintf$4) refers to retarget.o(i.fputc) for fputc
    printf4.o(i.__0vprintf$4) refers to printf4.o(i._printf_core) for _printf_core
    printf4.o(i.__0vprintf$4) refers to retarget.o(i.fputc) for fputc
    printf4.o(i.__0vprintf$4) refers to retarget.o(.data) for __stdout
    printf4.o(i.__0vsnprintf$4) refers to printf4.o(i._printf_core) for _printf_core
    printf4.o(i.__0vsnprintf$4) refers to printf4.o(i._snputc) for _snputc
    printf4.o(i.__0vsprintf$4) refers to printf4.o(i._printf_core) for _printf_core
    printf4.o(i.__0vsprintf$4) refers to printf4.o(i._sputc) for _sputc
    printf4.o(i._printf_core) refers to uldiv.o(.text) for __aeabi_uldivmod
    printf5.o(i.__0fprintf$5) refers to printf5.o(i._printf_core) for _printf_core
    printf5.o(i.__0fprintf$5) refers to retarget.o(i.fputc) for fputc
    printf5.o(i.__0printf$5) refers to printf5.o(i._printf_core) for _printf_core
    printf5.o(i.__0printf$5) refers to retarget.o(i.fputc) for fputc
    printf5.o(i.__0printf$5) refers to retarget.o(.data) for __stdout
    printf5.o(i.__0snprintf$5) refers to printf5.o(i._printf_core) for _printf_core
    printf5.o(i.__0snprintf$5) refers to printf5.o(i._snputc) for _snputc
    printf5.o(i.__0sprintf$5) refers to printf5.o(i._printf_core) for _printf_core
    printf5.o(i.__0sprintf$5) refers to printf5.o(i._sputc) for _sputc
    printf5.o(i.__0vfprintf$5) refers to printf5.o(i._printf_core) for _printf_core
    printf5.o(i.__0vfprintf$5) refers to retarget.o(i.fputc) for fputc
    printf5.o(i.__0vprintf$5) refers to printf5.o(i._printf_core) for _printf_core
    printf5.o(i.__0vprintf$5) refers to retarget.o(i.fputc) for fputc
    printf5.o(i.__0vprintf$5) refers to retarget.o(.data) for __stdout
    printf5.o(i.__0vsnprintf$5) refers to printf5.o(i._printf_core) for _printf_core
    printf5.o(i.__0vsnprintf$5) refers to printf5.o(i._snputc) for _snputc
    printf5.o(i.__0vsprintf$5) refers to printf5.o(i._printf_core) for _printf_core
    printf5.o(i.__0vsprintf$5) refers to printf5.o(i._sputc) for _sputc
    printf5.o(i._printf_core) refers to uldiv.o(.text) for __aeabi_uldivmod
    printf6.o(i.__0fprintf$6) refers to printf6.o(i._printf_core) for _printf_core
    printf6.o(i.__0fprintf$6) refers to retarget.o(i.fputc) for fputc
    printf6.o(i.__0printf$6) refers to printf6.o(i._printf_core) for _printf_core
    printf6.o(i.__0printf$6) refers to retarget.o(i.fputc) for fputc
    printf6.o(i.__0printf$6) refers to retarget.o(.data) for __stdout
    printf6.o(i.__0snprintf$6) refers to printf6.o(i._printf_core) for _printf_core
    printf6.o(i.__0snprintf$6) refers to printf6.o(i._snputc) for _snputc
    printf6.o(i.__0sprintf$6) refers to printf6.o(i._printf_core) for _printf_core
    printf6.o(i.__0sprintf$6) refers to printf6.o(i._sputc) for _sputc
    printf6.o(i.__0vfprintf$6) refers to printf6.o(i._printf_core) for _printf_core
    printf6.o(i.__0vfprintf$6) refers to retarget.o(i.fputc) for fputc
    printf6.o(i.__0vprintf$6) refers to printf6.o(i._printf_core) for _printf_core
    printf6.o(i.__0vprintf$6) refers to retarget.o(i.fputc) for fputc
    printf6.o(i.__0vprintf$6) refers to retarget.o(.data) for __stdout
    printf6.o(i.__0vsnprintf$6) refers to printf6.o(i._printf_core) for _printf_core
    printf6.o(i.__0vsnprintf$6) refers to printf6.o(i._snputc) for _snputc
    printf6.o(i.__0vsprintf$6) refers to printf6.o(i._printf_core) for _printf_core
    printf6.o(i.__0vsprintf$6) refers to printf6.o(i._sputc) for _sputc
    printf6.o(i._printf_core) refers to printf6.o(i._printf_pre_padding) for _printf_pre_padding
    printf6.o(i._printf_core) refers to uidiv.o(.text) for __aeabi_uidivmod
    printf6.o(i._printf_core) refers to printf6.o(i._printf_post_padding) for _printf_post_padding
    printf7.o(i.__0fprintf$7) refers to printf7.o(i._printf_core) for _printf_core
    printf7.o(i.__0fprintf$7) refers to retarget.o(i.fputc) for fputc
    printf7.o(i.__0printf$7) refers to printf7.o(i._printf_core) for _printf_core
    printf7.o(i.__0printf$7) refers to retarget.o(i.fputc) for fputc
    printf7.o(i.__0printf$7) refers to retarget.o(.data) for __stdout
    printf7.o(i.__0snprintf$7) refers to printf7.o(i._printf_core) for _printf_core
    printf7.o(i.__0snprintf$7) refers to printf7.o(i._snputc) for _snputc
    printf7.o(i.__0sprintf$7) refers to printf7.o(i._printf_core) for _printf_core
    printf7.o(i.__0sprintf$7) refers to printf7.o(i._sputc) for _sputc
    printf7.o(i.__0vfprintf$7) refers to printf7.o(i._printf_core) for _printf_core
    printf7.o(i.__0vfprintf$7) refers to retarget.o(i.fputc) for fputc
    printf7.o(i.__0vprintf$7) refers to printf7.o(i._printf_core) for _printf_core
    printf7.o(i.__0vprintf$7) refers to retarget.o(i.fputc) for fputc
    printf7.o(i.__0vprintf$7) refers to retarget.o(.data) for __stdout
    printf7.o(i.__0vsnprintf$7) refers to printf7.o(i._printf_core) for _printf_core
    printf7.o(i.__0vsnprintf$7) refers to printf7.o(i._snputc) for _snputc
    printf7.o(i.__0vsprintf$7) refers to printf7.o(i._printf_core) for _printf_core
    printf7.o(i.__0vsprintf$7) refers to printf7.o(i._sputc) for _sputc
    printf7.o(i._printf_core) refers to printf7.o(i._printf_pre_padding) for _printf_pre_padding
    printf7.o(i._printf_core) refers to uldiv.o(.text) for __aeabi_uldivmod
    printf7.o(i._printf_core) refers to printf7.o(i._printf_post_padding) for _printf_post_padding
    printf8.o(i.__0fprintf$8) refers to printf8.o(i._printf_core) for _printf_core
    printf8.o(i.__0fprintf$8) refers to retarget.o(i.fputc) for fputc
    printf8.o(i.__0printf$8) refers to printf8.o(i._printf_core) for _printf_core
    printf8.o(i.__0printf$8) refers to retarget.o(i.fputc) for fputc
    printf8.o(i.__0printf$8) refers to retarget.o(.data) for __stdout
    printf8.o(i.__0snprintf$8) refers to printf8.o(i._printf_core) for _printf_core
    printf8.o(i.__0snprintf$8) refers to printf8.o(i._snputc) for _snputc
    printf8.o(i.__0sprintf$8) refers to printf8.o(i._printf_core) for _printf_core
    printf8.o(i.__0sprintf$8) refers to printf8.o(i._sputc) for _sputc
    printf8.o(i.__0vfprintf$8) refers to printf8.o(i._printf_core) for _printf_core
    printf8.o(i.__0vfprintf$8) refers to retarget.o(i.fputc) for fputc
    printf8.o(i.__0vprintf$8) refers to printf8.o(i._printf_core) for _printf_core
    printf8.o(i.__0vprintf$8) refers to retarget.o(i.fputc) for fputc
    printf8.o(i.__0vprintf$8) refers to retarget.o(.data) for __stdout
    printf8.o(i.__0vsnprintf$8) refers to printf8.o(i._printf_core) for _printf_core
    printf8.o(i.__0vsnprintf$8) refers to printf8.o(i._snputc) for _snputc
    printf8.o(i.__0vsprintf$8) refers to printf8.o(i._printf_core) for _printf_core
    printf8.o(i.__0vsprintf$8) refers to printf8.o(i._sputc) for _sputc
    printf8.o(i._printf_core) refers to printf8.o(i._printf_pre_padding) for _printf_pre_padding
    printf8.o(i._printf_core) refers to uldiv.o(.text) for __aeabi_uldivmod
    printf8.o(i._printf_core) refers to printf8.o(i._printf_post_padding) for _printf_post_padding
    printfa.o(i.__0fprintf) refers (Special) to iusefp.o(.text) for __I$use$fp
    printfa.o(i.__0fprintf) refers to printfa.o(i._printf_core) for _printf_core
    printfa.o(i.__0fprintf) refers to retarget.o(i.fputc) for fputc
    printfa.o(i.__0printf) refers (Special) to iusefp.o(.text) for __I$use$fp
    printfa.o(i.__0printf) refers to printfa.o(i._printf_core) for _printf_core
    printfa.o(i.__0printf) refers to retarget.o(i.fputc) for fputc
    printfa.o(i.__0printf) refers to retarget.o(.data) for __stdout
    printfa.o(i.__0snprintf) refers (Special) to iusefp.o(.text) for __I$use$fp
    printfa.o(i.__0snprintf) refers to printfa.o(i._printf_core) for _printf_core
    printfa.o(i.__0snprintf) refers to printfa.o(i._snputc) for _snputc
    printfa.o(i.__0sprintf) refers (Special) to iusefp.o(.text) for __I$use$fp
    printfa.o(i.__0sprintf) refers to printfa.o(i._printf_core) for _printf_core
    printfa.o(i.__0sprintf) refers to printfa.o(i._sputc) for _sputc
    printfa.o(i.__0vfprintf) refers (Special) to iusefp.o(.text) for __I$use$fp
    printfa.o(i.__0vfprintf) refers to printfa.o(i._printf_core) for _printf_core
    printfa.o(i.__0vfprintf) refers to retarget.o(i.fputc) for fputc
    printfa.o(i.__0vprintf) refers (Special) to iusefp.o(.text) for __I$use$fp
    printfa.o(i.__0vprintf) refers to printfa.o(i._printf_core) for _printf_core
    printfa.o(i.__0vprintf) refers to retarget.o(i.fputc) for fputc
    printfa.o(i.__0vprintf) refers to retarget.o(.data) for __stdout
    printfa.o(i.__0vsnprintf) refers (Special) to iusefp.o(.text) for __I$use$fp
    printfa.o(i.__0vsnprintf) refers to printfa.o(i._printf_core) for _printf_core
    printfa.o(i.__0vsnprintf) refers to printfa.o(i._snputc) for _snputc
    printfa.o(i.__0vsprintf) refers (Special) to iusefp.o(.text) for __I$use$fp
    printfa.o(i.__0vsprintf) refers to printfa.o(i._printf_core) for _printf_core
    printfa.o(i.__0vsprintf) refers to printfa.o(i._sputc) for _sputc
    printfa.o(i._fp_digits) refers (Special) to iusefp.o(.text) for __I$use$fp
    printfa.o(i._fp_digits) refers to dmul.o(.text) for __aeabi_dmul
    printfa.o(i._fp_digits) refers to ddiv.o(.text) for __aeabi_ddiv
    printfa.o(i._fp_digits) refers to cdrcmple.o(.text) for __aeabi_cdrcmple
    printfa.o(i._fp_digits) refers to dadd.o(.text) for __aeabi_dadd
    printfa.o(i._fp_digits) refers to dfixul.o(.text) for __aeabi_d2ulz
    printfa.o(i._fp_digits) refers to uldiv.o(.text) for __aeabi_uldivmod
    printfa.o(i._printf_core) refers (Special) to iusefp.o(.text) for __I$use$fp
    printfa.o(i._printf_core) refers to printfa.o(i._printf_pre_padding) for _printf_pre_padding
    printfa.o(i._printf_core) refers to uldiv.o(.text) for __aeabi_uldivmod
    printfa.o(i._printf_core) refers to printfa.o(i._printf_post_padding) for _printf_post_padding
    printfa.o(i._printf_core) refers to printfa.o(i._fp_digits) for _fp_digits
    printfa.o(i._printf_core) refers to uidiv.o(.text) for __aeabi_uidivmod
    printfa.o(i._printf_post_padding) refers (Special) to iusefp.o(.text) for __I$use$fp
    printfa.o(i._printf_pre_padding) refers (Special) to iusefp.o(.text) for __I$use$fp
    printfa.o(i._snputc) refers (Special) to iusefp.o(.text) for __I$use$fp
    printfa.o(i._sputc) refers (Special) to iusefp.o(.text) for __I$use$fp
    entry2.o(.ARM.Collect$$$$00000001) refers to entry2.o(.ARM.Collect$$$$00002712) for __lit__00000000
    entry2.o(.ARM.Collect$$$$00002712) refers to startup_lpc17xx.o(STACK) for __initial_sp
    entry2.o(__vectab_stack_and_reset_area) refers to startup_lpc17xx.o(STACK) for __initial_sp
    entry2.o(__vectab_stack_and_reset_area) refers to entry.o(.ARM.Collect$$$$00000000) for __main
    entry5.o(.ARM.Collect$$$$00000004) refers to init.o(.text) for __scatterload
    dadd.o(.text) refers to llshl.o(.text) for __aeabi_llsl
    dadd.o(.text) refers to llsshr.o(.text) for __aeabi_lasr
    dadd.o(.text) refers to depilogue.o(.text) for _double_epilogue
    dmul.o(.text) refers to depilogue.o(.text) for _double_epilogue
    ddiv.o(.text) refers to depilogue.o(.text) for _double_round
    dfixul.o(.text) refers to llushr.o(.text) for __aeabi_llsr
    dfixul.o(.text) refers to llshl.o(.text) for __aeabi_llsl
    init.o(.text) refers to entry5.o(.ARM.Collect$$$$00000004) for __main_after_scatterload
    depilogue.o(.text) refers to llshl.o(.text) for __aeabi_llsl
    depilogue.o(.text) refers to llushr.o(.text) for __aeabi_llsr


==============================================================================

Removing Unused input sections from the image.

    Removing glcd_scroll.o(.rev16_text), (4 bytes).
    Removing glcd_scroll.o(.revsh_text), (4 bytes).
    Removing glcd_scroll.o(.rrx_text), (6 bytes).
    Removing glcd_scroll.o(i.append_char), (240 bytes).
    Removing glcd_scroll.o(i.initJoyStick), (108 bytes).
    Removing glcd_scroll.o(i.init_scroll), (72 bytes).
    Removing glcd_scroll.o(i.joyStickBusyWaitingMonitor), (96 bytes).
    Removing glcd_scroll.o(i.last_line), (32 bytes).
    Removing glcd_scroll.o(i.last_window_line), (32 bytes).
    Removing glcd_scroll.o(i.moveDown), (68 bytes).
    Removing glcd_scroll.o(i.moveFirst), (60 bytes).
    Removing glcd_scroll.o(i.moveLast), (96 bytes).
    Removing glcd_scroll.o(i.moveUp), (72 bytes).
    Removing glcd_scroll.o(i.print_string), (34 bytes).
    Removing glcd_scroll.o(i.print_text), (24 bytes).
    Removing glcd_scroll.o(i.refresh_lcd), (80 bytes).
    Removing glcd_scroll.o(.bss), (525 bytes).
    Removing glcd_scroll.o(.data), (20 bytes).
    Removing glcd_spi_lpc1700.o(.rev16_text), (4 bytes).
    Removing glcd_spi_lpc1700.o(.revsh_text), (4 bytes).
    Removing glcd_spi_lpc1700.o(.rrx_text), (6 bytes).
    Removing glcd_spi_lpc1700.o(i.GLCD_Bargraph), (104 bytes).
    Removing glcd_spi_lpc1700.o(i.GLCD_Bitmap), (82 bytes).
    Removing glcd_spi_lpc1700.o(i.GLCD_Clear), (42 bytes).
    Removing glcd_spi_lpc1700.o(i.GLCD_ClearLn), (94 bytes).
    Removing glcd_spi_lpc1700.o(i.GLCD_DisplayChar), (92 bytes).
    Removing glcd_spi_lpc1700.o(i.GLCD_DisplayString), (40 bytes).
    Removing glcd_spi_lpc1700.o(i.GLCD_DrawChar), (156 bytes).
    Removing glcd_spi_lpc1700.o(i.GLCD_Init), (1512 bytes).
    Removing glcd_spi_lpc1700.o(i.GLCD_PutPixel), (128 bytes).
    Removing glcd_spi_lpc1700.o(i.GLCD_ScrollVertical), (2 bytes).
    Removing glcd_spi_lpc1700.o(i.GLCD_SetBackColor), (12 bytes).
    Removing glcd_spi_lpc1700.o(i.GLCD_SetTextColor), (12 bytes).
    Removing glcd_spi_lpc1700.o(i.GLCD_SetWindow), (172 bytes).
    Removing glcd_spi_lpc1700.o(i.GLCD_WindowMax), (18 bytes).
    Removing glcd_spi_lpc1700.o(i.GLCD_WrCmd), (12 bytes).
    Removing glcd_spi_lpc1700.o(i.GLCD_WrReg), (16 bytes).
    Removing glcd_spi_lpc1700.o(i.delay), (14 bytes).
    Removing glcd_spi_lpc1700.o(i.rd_id_man), (140 bytes).
    Removing glcd_spi_lpc1700.o(i.rd_reg), (72 bytes).
    Removing glcd_spi_lpc1700.o(i.spi_tran), (32 bytes).
    Removing glcd_spi_lpc1700.o(i.spi_tran_man), (128 bytes).
    Removing glcd_spi_lpc1700.o(i.wr_cmd), (40 bytes).
    Removing glcd_spi_lpc1700.o(i.wr_dat), (40 bytes).
    Removing glcd_spi_lpc1700.o(i.wr_dat_only), (18 bytes).
    Removing glcd_spi_lpc1700.o(i.wr_dat_start), (20 bytes).
    Removing glcd_spi_lpc1700.o(i.wr_dat_stop), (12 bytes).
    Removing glcd_spi_lpc1700.o(i.wr_reg), (20 bytes).
    Removing glcd_spi_lpc1700.o(.constdata), (6272 bytes).
    Removing glcd_spi_lpc1700.o(.data), (5 bytes).
    Removing main.o(.rev16_text), (4 bytes).
    Removing main.o(.revsh_text), (4 bytes).
    Removing main.o(.rrx_text), (6 bytes).
    Removing retarget.o(i._sys_exit), (4 bytes).
    Removing retarget.o(i._ttywrch), (12 bytes).
    Removing retarget.o(i.ferror), (8 bytes).
    Removing retarget.o(i.fgetc), (20 bytes).
    Removing retarget.o(i.getkey), (36 bytes).
    Removing uart.o(.rev16_text), (4 bytes).
    Removing uart.o(.revsh_text), (4 bytes).
    Removing uart.o(.rrx_text), (6 bytes).
    Removing uart.o(i.Lock), (28 bytes).
    Removing uart.o(i.LockRcv), (36 bytes).
    Removing uart.o(i.LockSnd), (36 bytes).
    Removing uart.o(i.UARTReceiveChar), (36 bytes).
    Removing uart.o(i.UARTRecieve), (160 bytes).
    Removing uart.o(i.UARTSend), (132 bytes).
    Removing startup_lpc17xx.o(HEAP), (8192 bytes).
    Removing system_lpc17xx.o(.rev16_text), (4 bytes).
    Removing system_lpc17xx.o(.revsh_text), (4 bytes).
    Removing system_lpc17xx.o(.rrx_text), (6 bytes).
    Removing system_lpc17xx.o(i.SystemCoreClockUpdate), (424 bytes).
    Removing rt_cmsis.o(.rev16_text), (4 bytes).
    Removing rt_cmsis.o(.revsh_text), (4 bytes).
    Removing rt_cmsis.o(.rrx_text), (6 bytes).
    Removing rt_cmsis.o(i.isrSemaphoreRelease), (40 bytes).
    Removing rt_cmsis.o(i.isrSignalSet), (36 bytes).
    Removing rt_cmsis.o(i.osDelay), (24 bytes).
    Removing rt_cmsis.o(i.osKernelRunning), (36 bytes).
    Removing rt_cmsis.o(i.osKernelSysTick), (24 bytes).
    Removing rt_cmsis.o(i.osMailAlloc), (28 bytes).
    Removing rt_cmsis.o(i.osMailCAlloc), (48 bytes).
    Removing rt_cmsis.o(i.osMailCreate), (44 bytes).
    Removing rt_cmsis.o(i.osMailFree), (28 bytes).
    Removing rt_cmsis.o(i.osMailGet), (22 bytes).
    Removing rt_cmsis.o(i.osMailPut), (20 bytes).
    Removing rt_cmsis.o(i.osMessageCreate), (44 bytes).
    Removing rt_cmsis.o(i.osMessagePut), (24 bytes).
    Removing rt_cmsis.o(i.osMutexCreate), (44 bytes).
    Removing rt_cmsis.o(i.osMutexDelete), (24 bytes).
    Removing rt_cmsis.o(i.osMutexRelease), (24 bytes).
    Removing rt_cmsis.o(i.osMutexWait), (24 bytes).
    Removing rt_cmsis.o(i.osPoolAlloc), (32 bytes).
    Removing rt_cmsis.o(i.osPoolCAlloc), (52 bytes).
    Removing rt_cmsis.o(i.osPoolCreate), (44 bytes).
    Removing rt_cmsis.o(i.osPoolFree), (32 bytes).
    Removing rt_cmsis.o(i.osSemaphoreCreate), (44 bytes).
    Removing rt_cmsis.o(i.osSemaphoreDelete), (24 bytes).
    Removing rt_cmsis.o(i.osSemaphoreRelease), (24 bytes).
    Removing rt_cmsis.o(i.osSemaphoreWait), (24 bytes).
    Removing rt_cmsis.o(i.osSignalClear), (24 bytes).
    Removing rt_cmsis.o(i.osSignalSet), (24 bytes).
    Removing rt_cmsis.o(i.osSignalWait), (24 bytes).
    Removing rt_cmsis.o(i.osThreadGetId), (24 bytes).
    Removing rt_cmsis.o(i.osThreadGetPriority), (24 bytes).
    Removing rt_cmsis.o(i.osThreadSetPriority), (24 bytes).
    Removing rt_cmsis.o(i.osThreadTerminate), (24 bytes).
    Removing rt_cmsis.o(i.osTimerCreate), (44 bytes).
    Removing rt_cmsis.o(i.osTimerDelete), (24 bytes).
    Removing rt_cmsis.o(i.osTimerStart), (24 bytes).
    Removing rt_cmsis.o(i.osTimerStop), (24 bytes).
    Removing rt_cmsis.o(i.osWait), (4 bytes).
    Removing rt_cmsis.o(i.os_resume), (12 bytes).
    Removing rt_cmsis.o(i.os_suspend), (12 bytes).
    Removing rt_cmsis.o(i.rt_clr_box), (24 bytes).
    Removing rt_cmsis.o(i.rt_timer_remove), (60 bytes).
    Removing rt_cmsis.o(i.svcDelay), (18 bytes).
    Removing rt_cmsis.o(i.svcKernelRunning), (12 bytes).
    Removing rt_cmsis.o(i.svcKernelSysTick), (56 bytes).
    Removing rt_cmsis.o(i.svcMailCreate), (66 bytes).
    Removing rt_cmsis.o(i.svcMessagePut), (54 bytes).
    Removing rt_cmsis.o(i.svcMutexCreate), (28 bytes).
    Removing rt_cmsis.o(i.svcMutexDelete), (26 bytes).
    Removing rt_cmsis.o(i.svcMutexRelease), (34 bytes).
    Removing rt_cmsis.o(i.svcMutexWait), (58 bytes).
    Removing rt_cmsis.o(i.svcPoolCreate), (40 bytes).
    Removing rt_cmsis.o(i.svcSemaphoreCreate), (36 bytes).
    Removing rt_cmsis.o(i.svcSemaphoreDelete), (26 bytes).
    Removing rt_cmsis.o(i.svcSemaphoreRelease), (40 bytes).
    Removing rt_cmsis.o(i.svcSemaphoreWait), (50 bytes).
    Removing rt_cmsis.o(i.svcSignalClear), (36 bytes).
    Removing rt_cmsis.o(i.svcSignalSet), (36 bytes).
    Removing rt_cmsis.o(i.svcSignalWait), (84 bytes).
    Removing rt_cmsis.o(i.svcThreadGetPriority), (18 bytes).
    Removing rt_cmsis.o(i.svcThreadSetPriority), (46 bytes).
    Removing rt_cmsis.o(i.svcTimerCreate), (56 bytes).
    Removing rt_cmsis.o(i.svcTimerDelete), (40 bytes).
    Removing rt_cmsis.o(i.svcTimerStart), (100 bytes).
    Removing rt_cmsis.o(i.svcTimerStop), (36 bytes).
    Removing rt_cmsis.o(i.sysMailAlloc), (88 bytes).
    Removing rt_cmsis.o(i.sysMailFree), (96 bytes).
    Removing rt_cmsis.o(i.sysPoolAlloc), (10 bytes).
    Removing rt_cmsis.o(i.sysPoolFree), (20 bytes).
    Removing rt_cmsis.o(i.sysUserTimerUpdate), (48 bytes).
    Removing rt_cmsis.o(i.sysUserTimerWakeupTime), (20 bytes).
    Removing rt_system.o(.emb_text), (0 bytes).
    Removing rt_system.o(i.os_tick_ovf), (16 bytes).
    Removing rt_system.o(i.os_tick_val), (20 bytes).
    Removing rt_system.o(i.rt_resume), (136 bytes).
    Removing rt_system.o(i.rt_suspend), (36 bytes).
    Removing rt_system.o(i.rt_tsk_lock), (80 bytes).
    Removing rt_system.o(i.rt_tsk_unlock), (80 bytes).
    Removing rt_event.o(i.isr_evt_set), (40 bytes).
    Removing rt_event.o(i.rt_evt_clr), (28 bytes).
    Removing rt_event.o(i.rt_evt_get), (12 bytes).
    Removing rt_event.o(i.rt_evt_set), (92 bytes).
    Removing rt_event.o(i.rt_evt_wait), (60 bytes).
    Removing rt_mailbox.o(i.rt_mbx_send), (152 bytes).
    Removing rt_semaphore.o(i.isr_sem_send), (16 bytes).
    Removing rt_semaphore.o(i.rt_sem_delete), (92 bytes).
    Removing rt_semaphore.o(i.rt_sem_init), (12 bytes).
    Removing rt_semaphore.o(i.rt_sem_send), (42 bytes).
    Removing rt_semaphore.o(i.rt_sem_wait), (64 bytes).
    Removing rt_time.o(i.rt_dly_wait), (6 bytes).
    Removing rt_time.o(i.rt_itv_set), (24 bytes).
    Removing rt_time.o(i.rt_itv_wait), (40 bytes).
    Removing rt_time.o(i.rt_time_get), (12 bytes).
    Removing rt_mutex.o(i.rt_mut_delete), (176 bytes).
    Removing rt_mutex.o(i.rt_mut_init), (16 bytes).
    Removing rt_mutex.o(i.rt_mut_release), (216 bytes).
    Removing rt_mutex.o(i.rt_mut_wait), (120 bytes).
    Removing rt_membox.o(i._calloc_box), (30 bytes).
    Removing dadd.o(.text), (334 bytes).
    Removing dmul.o(.text), (228 bytes).
    Removing ddiv.o(.text), (222 bytes).
    Removing dfixul.o(.text), (48 bytes).
    Removing cdrcmple.o(.text), (48 bytes).
    Removing depilogue.o(.text), (186 bytes).

178 unused section(s) (total 25242 bytes) removed from the image.

==============================================================================

Image Symbol Table

    Local Symbols

    Symbol Name                              Value     Ov Type        Size  Object(Section)

    RESET                                    0x00000000   Section      204  startup_lpc17xx.o(RESET)
    ../clib/microlib/division.c              0x00000000   Number         0  uidiv.o ABSOLUTE
    ../clib/microlib/division.c              0x00000000   Number         0  uldiv.o ABSOLUTE
    ../clib/microlib/init/entry.s            0x00000000   Number         0  entry.o ABSOLUTE
    ../clib/microlib/init/entry.s            0x00000000   Number         0  entry11a.o ABSOLUTE
    ../clib/microlib/init/entry.s            0x00000000   Number         0  entry7a.o ABSOLUTE
    ../clib/microlib/init/entry.s            0x00000000   Number         0  entry2.o ABSOLUTE
    ../clib/microlib/init/entry.s            0x00000000   Number         0  entry5.o ABSOLUTE
    ../clib/microlib/init/entry.s            0x00000000   Number         0  entry10b.o ABSOLUTE
    ../clib/microlib/init/entry.s            0x00000000   Number         0  entry11b.o ABSOLUTE
    ../clib/microlib/init/entry.s            0x00000000   Number         0  entry10a.o ABSOLUTE
    ../clib/microlib/init/entry.s            0x00000000   Number         0  entry8b.o ABSOLUTE
    ../clib/microlib/init/entry.s            0x00000000   Number         0  entry8a.o ABSOLUTE
    ../clib/microlib/init/entry.s            0x00000000   Number         0  entry7b.o ABSOLUTE
    ../clib/microlib/longlong.c              0x00000000   Number         0  llshl.o ABSOLUTE
    ../clib/microlib/longlong.c              0x00000000   Number         0  llushr.o ABSOLUTE
    ../clib/microlib/longlong.c              0x00000000   Number         0  llsshr.o ABSOLUTE
    ../clib/microlib/printf/printf.c         0x00000000   Number         0  printf5.o ABSOLUTE
    ../clib/microlib/printf/printf.c         0x00000000   Number         0  printf4.o ABSOLUTE
    ../clib/microlib/printf/printf.c         0x00000000   Number         0  printf2.o ABSOLUTE
    ../clib/microlib/printf/printf.c         0x00000000   Number         0  printf1.o ABSOLUTE
    ../clib/microlib/printf/printf.c         0x00000000   Number         0  printf8.o ABSOLUTE
    ../clib/microlib/printf/printf.c         0x00000000   Number         0  printfb.o ABSOLUTE
    ../clib/microlib/printf/printf.c         0x00000000   Number         0  printf0.o ABSOLUTE
    ../clib/microlib/printf/printf.c         0x00000000   Number         0  printf3.o ABSOLUTE
    ../clib/microlib/printf/printf.c         0x00000000   Number         0  printfa.o ABSOLUTE
    ../clib/microlib/printf/printf.c         0x00000000   Number         0  printf7.o ABSOLUTE
    ../clib/microlib/printf/printf.c         0x00000000   Number         0  printf6.o ABSOLUTE
    ../clib/microlib/stubs.s                 0x00000000   Number         0  iusefp.o ABSOLUTE
    ../fplib/microlib/fpadd.c                0x00000000   Number         0  dadd.o ABSOLUTE
    ../fplib/microlib/fpdiv.c                0x00000000   Number         0  ddiv.o ABSOLUTE
    ../fplib/microlib/fpepilogue.c           0x00000000   Number         0  depilogue.o ABSOLUTE
    ../fplib/microlib/fpfix.c                0x00000000   Number         0  dfixul.o ABSOLUTE
    ../fplib/microlib/fpmul.c                0x00000000   Number         0  dmul.o ABSOLUTE
    ..\HAL_CM.c                              0x00000000   Number         0  hal_cm.o ABSOLUTE
    ..\\rt_CMSIS.c                           0x00000000   Number         0  rt_cmsis.o ABSOLUTE
    ..\\rt_System.c                          0x00000000   Number         0  rt_system.o ABSOLUTE
    ..\rt_CMSIS.c                            0x00000000   Number         0  rt_cmsis.o ABSOLUTE
    ..\rt_Event.c                            0x00000000   Number         0  rt_event.o ABSOLUTE
    ..\rt_List.c                             0x00000000   Number         0  rt_list.o ABSOLUTE
    ..\rt_Mailbox.c                          0x00000000   Number         0  rt_mailbox.o ABSOLUTE
    ..\rt_MemBox.c                           0x00000000   Number         0  rt_membox.o ABSOLUTE
    ..\rt_Memory.c                           0x00000000   Number         0  rt_memory.o ABSOLUTE
    ..\rt_Mutex.c                            0x00000000   Number         0  rt_mutex.o ABSOLUTE
    ..\rt_Robin.c                            0x00000000   Number         0  rt_robin.o ABSOLUTE
    ..\rt_Semaphore.c                        0x00000000   Number         0  rt_semaphore.o ABSOLUTE
    ..\rt_System.c                           0x00000000   Number         0  rt_system.o ABSOLUTE
    ..\rt_Task.c                             0x00000000   Number         0  rt_task.o ABSOLUTE
    ..\rt_Time.c                             0x00000000   Number         0  rt_time.o ABSOLUTE
    GLCD_SPI_LPC1700.c                       0x00000000   Number         0  glcd_spi_lpc1700.o ABSOLUTE
    GLCD_SPI_LPC1700.c                       0x00000000   Number         0  glcd_spi_lpc1700.o ABSOLUTE
    GLCD_Scroll.c                            0x00000000   Number         0  glcd_scroll.o ABSOLUTE
    GLCD_Scroll.c                            0x00000000   Number         0  glcd_scroll.o ABSOLUTE
    HAL_CM3.c                                0x00000000   Number         0  hal_cm3.o ABSOLUTE
    HAL_CM3.c                                0x00000000   Number         0  hal_cm3.o ABSOLUTE
    RTE\CMSIS\RTX_Conf_CM.c                  0x00000000   Number         0  rtx_conf_cm.o ABSOLUTE
    RTE\Device\LPC1768\startup_LPC17xx.s     0x00000000   Number         0  startup_lpc17xx.o ABSOLUTE
    RTE\Device\LPC1768\system_LPC17xx.c      0x00000000   Number         0  system_lpc17xx.o ABSOLUTE
    RTE\\Device\\LPC1768\\system_LPC17xx.c   0x00000000   Number         0  system_lpc17xx.o ABSOLUTE
    Retarget.c                               0x00000000   Number         0  retarget.o ABSOLUTE
    SVC_Table.s                              0x00000000   Number         0  svc_table.o ABSOLUTE
    cdrcmple.s                               0x00000000   Number         0  cdrcmple.o ABSOLUTE
    dc.s                                     0x00000000   Number         0  dc.o ABSOLUTE
    handlers.s                               0x00000000   Number         0  handlers.o ABSOLUTE
    init.s                                   0x00000000   Number         0  init.o ABSOLUTE
    main.c                                   0x00000000   Number         0  main.o ABSOLUTE
    main.c                                   0x00000000   Number         0  main.o ABSOLUTE
    uart.c                                   0x00000000   Number         0  uart.o ABSOLUTE
    uart.c                                   0x00000000   Number         0  uart.o ABSOLUTE
    .ARM.Collect$$$$00000000                 0x000000cc   Section        0  entry.o(.ARM.Collect$$$$00000000)
    .ARM.Collect$$$$00000001                 0x000000cc   Section        4  entry2.o(.ARM.Collect$$$$00000001)
    .ARM.Collect$$$$00000004                 0x000000d0   Section        4  entry5.o(.ARM.Collect$$$$00000004)
    .ARM.Collect$$$$00000008                 0x000000d4   Section        0  entry7b.o(.ARM.Collect$$$$00000008)
    .ARM.Collect$$$$0000000A                 0x000000d4   Section        0  entry8b.o(.ARM.Collect$$$$0000000A)
    .ARM.Collect$$$$0000000D                 0x000000d4   Section        0  entry10a.o(.ARM.Collect$$$$0000000D)
    .ARM.Collect$$$$0000000F                 0x000000d4   Section        0  entry11a.o(.ARM.Collect$$$$0000000F)
    .ARM.Collect$$$$000000FF                 0x000000d4   Section        0  rtx_conf_cm.o(.ARM.Collect$$$$000000FF)
    .ARM.Collect$$$$00002712                 0x000000ec   Section        4  entry2.o(.ARM.Collect$$$$00002712)
    __lit__00000000                          0x000000ec   Data           4  entry2.o(.ARM.Collect$$$$00002712)
    .emb_text                                0x000000f0   Section      304  hal_cm3.o(.emb_text)
    .text                                    0x00000220   Section       36  startup_lpc17xx.o(.text)
    .text                                    0x00000244   Section       36  init.o(.text)
    SVC_TABLE                                0x00000268   Section        4  svc_table.o(SVC_TABLE)
    i.Free                                   0x0000026c   Section        0  uart.o(i.Free)
    i.FreeRcv                                0x00000274   Section        0  uart.o(i.FreeRcv)
    i.FreeSnd                                0x00000298   Section        0  uart.o(i.FreeSnd)
    i.UARTSendChar                           0x000002bc   Section        0  uart.o(i.UARTSendChar)
    i.__0printf$bare                         0x000002e0   Section        0  printfb.o(i.__0printf$bare)
    i.__scatterload_null                     0x000002f0   Section        2  handlers.o(i.__scatterload_null)
    i.generic_thread                         0x000002f2   Section        0  main.o(i.generic_thread)
    i.os_tick_irqack                         0x000002fa   Section        0  rt_system.o(i.os_tick_irqack)
    .ARM.__at_0x02FC                         0x000002fc   Section        4  startup_lpc17xx.o(.ARM.__at_0x02FC)
    i.SystemInit                             0x00000300   Section        0  system_lpc17xx.o(i.SystemInit)
    i.UART0_IRQHandler                       0x00000440   Section        0  uart.o(i.UART0_IRQHandler)
    i.UART1_IRQHandler                       0x000004a8   Section        0  uart.o(i.UART1_IRQHandler)
    i.UARTInit                               0x00000518   Section        0  uart.o(i.UARTInit)
    i.__NVIC_EnableIRQ                       0x000005d4   Section        0  uart.o(i.__NVIC_EnableIRQ)
    __NVIC_EnableIRQ                         0x000005d5   Thumb Code    26  uart.o(i.__NVIC_EnableIRQ)
    i.__scatterload_copy                     0x000005ee   Section       14  handlers.o(i.__scatterload_copy)
    i.__scatterload_zeroinit                 0x000005fc   Section       14  handlers.o(i.__scatterload_zeroinit)
    i._init_box                              0x0000060a   Section        0  rt_membox.o(i._init_box)
    i._printf_core                           0x00000650   Section        0  printfb.o(i._printf_core)
    _printf_core                             0x00000651   Thumb Code    34  printfb.o(i._printf_core)
    i.dbg_init                               0x00000674   Section        0  hal_cm.o(i.dbg_init)
    i.dbg_task_notify                        0x000006a4   Section        0  hal_cm.o(i.dbg_task_notify)
    i.dbg_task_switch                        0x000006c4   Section        0  hal_cm.o(i.dbg_task_switch)
    i.fputc                                  0x000006d4   Section        0  retarget.o(i.fputc)
    i.getFrequency                           0x000006e4   Section        0  uart.o(i.getFrequency)
    i.isrMessageGet                          0x0000072c   Section        0  rt_cmsis.o(i.isrMessageGet)
    i.isrMessagePut                          0x00000756   Section        0  rt_cmsis.o(i.isrMessagePut)
    i.isr_mbx_receive                        0x00000784   Section        0  rt_mailbox.o(i.isr_mbx_receive)
    i.isr_mbx_send                           0x000007da   Section        0  rt_mailbox.o(i.isr_mbx_send)
    i.main                                   0x000007e8   Section        0  main.o(i.main)
    i.osKernelInitialize                     0x00000818   Section        0  rt_cmsis.o(i.osKernelInitialize)
    i.osKernelStart                          0x0000083c   Section        0  rt_cmsis.o(i.osKernelStart)
    i.osMessageGet                           0x000008a8   Section        0  rt_cmsis.o(i.osMessageGet)
    i.osThreadCreate                         0x000008c0   Section        0  rt_cmsis.o(i.osThreadCreate)
    i.osThreadExit                           0x000008ec   Section        0  rt_cmsis.o(i.osThreadExit)
    i.osThreadYield                          0x00000904   Section        0  rt_cmsis.o(i.osThreadYield)
    i.osTimerCall                            0x0000091c   Section        0  rt_cmsis.o(i.osTimerCall)
    i.osTimerThread                          0x00000928   Section        0  rt_cmsis.o(i.osTimerThread)
    i.os_error                               0x00000954   Section        0  rtx_conf_cm.o(i.os_error)
    i.os_idle_demon                          0x00000976   Section        0  rtx_conf_cm.o(i.os_idle_demon)
    i.os_tick_init                           0x0000097c   Section        0  rt_system.o(i.os_tick_init)
    i.rt_alloc_box                           0x000009a4   Section        0  rt_membox.o(i.rt_alloc_box)
    i.rt_alloc_mem                           0x000009be   Section        0  rt_memory.o(i.rt_alloc_mem)
    i.rt_block                               0x000009fc   Section        0  rt_task.o(i.rt_block)
    i.rt_chk_robin                           0x00000a34   Section        0  rt_robin.o(i.rt_chk_robin)
    i.rt_dec_dly                             0x00000a7c   Section        0  rt_list.o(i.rt_dec_dly)
    i.rt_dispatch                            0x00000aec   Section        0  rt_task.o(i.rt_dispatch)
    i.rt_evt_psh                             0x00000b30   Section        0  rt_event.o(i.rt_evt_psh)
    i.rt_free_box                            0x00000b80   Section        0  rt_membox.o(i.rt_free_box)
    i.rt_free_mem                            0x00000bac   Section        0  rt_memory.o(i.rt_free_mem)
    i.rt_get_first                           0x00000bd4   Section        0  rt_list.o(i.rt_get_first)
    i.rt_get_same_rdy_prio                   0x00000bfc   Section        0  rt_list.o(i.rt_get_same_rdy_prio)
    i.rt_id2obj                              0x00000c20   Section        0  rt_cmsis.o(i.rt_id2obj)
    rt_id2obj                                0x00000c21   Thumb Code     8  rt_cmsis.o(i.rt_id2obj)
    i.rt_init_context                        0x00000c28   Section        0  rt_task.o(i.rt_init_context)
    rt_init_context                          0x00000c29   Thumb Code    66  rt_task.o(i.rt_init_context)
    i.rt_init_mem                            0x00000c70   Section        0  rt_memory.o(i.rt_init_mem)
    i.rt_init_robin                          0x00000c8c   Section        0  rt_robin.o(i.rt_init_robin)
    i.rt_init_stack                          0x00000ca4   Section        0  hal_cm.o(i.rt_init_stack)
    i.rt_mbx_check                           0x00000d24   Section        0  rt_mailbox.o(i.rt_mbx_check)
    i.rt_mbx_init                            0x00000d2c   Section        0  rt_mailbox.o(i.rt_mbx_init)
    i.rt_mbx_psh                             0x00000d48   Section        0  rt_mailbox.o(i.rt_mbx_psh)
    i.rt_mbx_wait                            0x00000e38   Section        0  rt_mailbox.o(i.rt_mbx_wait)
    i.rt_ms2tick                             0x00000eec   Section        0  rt_cmsis.o(i.rt_ms2tick)
    rt_ms2tick                               0x00000eed   Thumb Code    58  rt_cmsis.o(i.rt_ms2tick)
    i.rt_pop_req                             0x00000f30   Section        0  rt_system.o(i.rt_pop_req)
    i.rt_psh_req                             0x00000fac   Section        0  rt_system.o(i.rt_psh_req)
    i.rt_psq_enq                             0x00000fcc   Section        0  rt_list.o(i.rt_psq_enq)
    i.rt_put_dly                             0x00001028   Section        0  rt_list.o(i.rt_put_dly)
    i.rt_put_prio                            0x00001070   Section        0  rt_list.o(i.rt_put_prio)
    i.rt_put_rdy_first                       0x000010a8   Section        0  rt_list.o(i.rt_put_rdy_first)
    i.rt_resort_prio                         0x000010bc   Section        0  rt_list.o(i.rt_resort_prio)
    i.rt_ret_val                             0x000010f0   Section        0  hal_cm.o(i.rt_ret_val)
    i.rt_ret_val2                            0x000010f6   Section        0  hal_cm.o(i.rt_ret_val2)
    i.rt_rmv_dly                             0x000010fe   Section        0  rt_list.o(i.rt_rmv_dly)
    i.rt_rmv_list                            0x00001128   Section        0  rt_list.o(i.rt_rmv_list)
    i.rt_sem_psh                             0x00001158   Section        0  rt_semaphore.o(i.rt_sem_psh)
    i.rt_stk_check                           0x0000118c   Section        0  rt_system.o(i.rt_stk_check)
    i.rt_switch_req                          0x000011b0   Section        0  rt_task.o(i.rt_switch_req)
    i.rt_sys_init                            0x000011d8   Section        0  rt_task.o(i.rt_sys_init)
    i.rt_sys_start                           0x000012a4   Section        0  rt_task.o(i.rt_sys_start)
    i.rt_systick                             0x0000131c   Section        0  rt_system.o(i.rt_systick)
    i.rt_tid2ptcb                            0x0000135c   Section        0  rt_cmsis.o(i.rt_tid2ptcb)
    rt_tid2ptcb                              0x0000135d   Thumb Code    18  rt_cmsis.o(i.rt_tid2ptcb)
    i.rt_timer_insert                        0x00001370   Section        0  rt_cmsis.o(i.rt_timer_insert)
    rt_timer_insert                          0x00001371   Thumb Code    48  rt_cmsis.o(i.rt_timer_insert)
    i.rt_tsk_create                          0x000013a4   Section        0  rt_task.o(i.rt_tsk_create)
    i.rt_tsk_delete                          0x0000142c   Section        0  rt_task.o(i.rt_tsk_delete)
    i.rt_tsk_pass                            0x000015a8   Section        0  rt_task.o(i.rt_tsk_pass)
    i.rt_tsk_prio                            0x000015d8   Section        0  rt_task.o(i.rt_tsk_prio)
    i.rt_tsk_self                            0x00001654   Section        0  rt_task.o(i.rt_tsk_self)
    i.sendchar                               0x00001664   Section        0  retarget.o(i.sendchar)
    i.svcKernelInitialize                    0x000016a8   Section        0  rt_cmsis.o(i.svcKernelInitialize)
    i.svcKernelStart                         0x00001718   Section        0  rt_cmsis.o(i.svcKernelStart)
    i.svcMessageCreate                       0x00001760   Section        0  rt_cmsis.o(i.svcMessageCreate)
    i.svcMessageGet                          0x00001784   Section        0  rt_cmsis.o(i.svcMessageGet)
    i.svcThreadCreate                        0x000017c0   Section        0  rt_cmsis.o(i.svcThreadCreate)
    i.svcThreadGetId                         0x0000182c   Section        0  rt_cmsis.o(i.svcThreadGetId)
    i.svcThreadTerminate                     0x00001848   Section        0  rt_cmsis.o(i.svcThreadTerminate)
    i.svcThreadYield                         0x00001880   Section        0  rt_cmsis.o(i.svcThreadYield)
    i.svcTimerCall                           0x0000188a   Section        0  rt_cmsis.o(i.svcTimerCall)
    i.sysTimerTick                           0x000018a4   Section        0  rt_cmsis.o(i.sysTimerTick)
    .constdata                               0x00001900   Section       16  main.o(.constdata)
    .constdata                               0x00001910   Section      104  rtx_conf_cm.o(.constdata)
    __tagsym$$used                           0x0000192c   Number         0  rtx_conf_cm.o(.constdata)
    __tagsym$$used                           0x00001930   Number         0  rtx_conf_cm.o(.constdata)
    __tagsym$$used                           0x00001934   Number         0  rtx_conf_cm.o(.constdata)
    __tagsym$$used                           0x00001938   Number         0  rtx_conf_cm.o(.constdata)
    .data                                    0x10000000   Section       12  retarget.o(.data)
    .data                                    0x1000000c   Section       32  uart.o(.data)
    .data                                    0x1000002c   Section       16  rtx_conf_cm.o(.data)
    .data                                    0x1000003c   Section        4  system_lpc17xx.o(.data)
    .data                                    0x10000040   Section        8  rt_cmsis.o(.data)
    .data                                    0x10000048   Section        8  rt_task.o(.data)
    .data                                    0x10000050   Section        8  rt_system.o(.data)
    os_lock                                  0x10000050   Data           1  rt_system.o(.data)
    os_psh_flag                              0x10000051   Data           1  rt_system.o(.data)
    pend_flags                               0x10000052   Data           1  rt_system.o(.data)
    .data                                    0x10000058   Section        4  rt_time.o(.data)
    .data                                    0x1000005c   Section        1  hal_cm.o(.data)
    .data                                    0x10000060   Section        8  rt_robin.o(.data)
    .bss                                     0x10000068   Section      128  uart.o(.bss)
    .bss                                     0x100000e8   Section     4400  rtx_conf_cm.o(.bss)
    .bss                                     0x10001218   Section       52  rt_task.o(.bss)
    .bss                                     0x1000124c   Section       48  rt_list.o(.bss)
    STACK                                    0x10001280   Section     8192  startup_lpc17xx.o(STACK)

    Global Symbols

    Symbol Name                              Value     Ov Type        Size  Object(Section)

    BuildAttributes$$THM_ISAv4$P$D$K$B$S$PE$A:L22UL41UL21$X:L11$S22US41US21$IEEE1$IW$USESV6$~STKCKD$USESV7$~SHL$OSPACE$ROPI$EBA8$MICROLIB$REQ8$PRES8$EABIv2 0x00000000   Number         0  anon$$obj.o ABSOLUTE
    __ARM_use_no_argv                        0x00000000   Number         0  main.o ABSOLUTE
    __Vectors                                0x00000000   Data           4  startup_lpc17xx.o(RESET)
    __cpp_initialize__aeabi_                  - Undefined Weak Reference
    __cxa_finalize                            - Undefined Weak Reference
    __decompress                              - Undefined Weak Reference
    _clock_init                               - Undefined Weak Reference
    _microlib_exit                            - Undefined Weak Reference
    __main                                   0x000000cd   Thumb Code     0  entry.o(.ARM.Collect$$$$00000000)
    _main_stk                                0x000000cd   Thumb Code     0  entry2.o(.ARM.Collect$$$$00000001)
    _main_scatterload                        0x000000d1   Thumb Code     0  entry5.o(.ARM.Collect$$$$00000004)
    __main_after_scatterload                 0x000000d5   Thumb Code     0  entry5.o(.ARM.Collect$$$$00000004)
    __rt_final_cpp                           0x000000d5   Thumb Code     0  entry10a.o(.ARM.Collect$$$$0000000D)
    __rt_final_exit                          0x000000d5   Thumb Code     0  entry11a.o(.ARM.Collect$$$$0000000F)
    _main_clock                              0x000000d5   Thumb Code     0  entry7b.o(.ARM.Collect$$$$00000008)
    _main_cpp_init                           0x000000d5   Thumb Code     0  entry8b.o(.ARM.Collect$$$$0000000A)
    _main_init                               0x000000d5   Thumb Code    18  rtx_conf_cm.o(.ARM.Collect$$$$000000FF)
    rt_set_PSP                               0x000000f1   Thumb Code     6  hal_cm3.o(.emb_text)
    rt_get_PSP                               0x000000f7   Thumb Code     6  hal_cm3.o(.emb_text)
    os_set_env                               0x000000fd   Thumb Code    24  hal_cm3.o(.emb_text)
    _alloc_box                               0x00000119   Thumb Code    28  hal_cm3.o(.emb_text)
    _free_box                                0x00000139   Thumb Code    28  hal_cm3.o(.emb_text)
    SVC_Handler                              0x00000159   Thumb Code   108  hal_cm3.o(.emb_text)
    PendSV_Handler                           0x000001d1   Thumb Code    56  hal_cm3.o(.emb_text)
    SysTick_Handler                          0x0000020d   Thumb Code     8  hal_cm3.o(.emb_text)
    OS_Tick_Handler                          0x00000215   Thumb Code    12  hal_cm3.o(.emb_text)
    Reset_Handler                            0x00000221   Thumb Code     8  startup_lpc17xx.o(.text)
    NMI_Handler                              0x00000229   Thumb Code     2  startup_lpc17xx.o(.text)
    HardFault_Handler                        0x0000022b   Thumb Code     2  startup_lpc17xx.o(.text)
    MemManage_Handler                        0x0000022d   Thumb Code     2  startup_lpc17xx.o(.text)
    BusFault_Handler                         0x0000022f   Thumb Code     2  startup_lpc17xx.o(.text)
    UsageFault_Handler                       0x00000231   Thumb Code     2  startup_lpc17xx.o(.text)
    DebugMon_Handler                         0x00000235   Thumb Code     2  startup_lpc17xx.o(.text)
    ADC_IRQHandler                           0x0000023b   Thumb Code     0  startup_lpc17xx.o(.text)
    BOD_IRQHandler                           0x0000023b   Thumb Code     0  startup_lpc17xx.o(.text)
    CANActivity_IRQHandler                   0x0000023b   Thumb Code     0  startup_lpc17xx.o(.text)
    CAN_IRQHandler                           0x0000023b   Thumb Code     0  startup_lpc17xx.o(.text)
    DMA_IRQHandler                           0x0000023b   Thumb Code     0  startup_lpc17xx.o(.text)
    EINT0_IRQHandler                         0x0000023b   Thumb Code     0  startup_lpc17xx.o(.text)
    EINT1_IRQHandler                         0x0000023b   Thumb Code     0  startup_lpc17xx.o(.text)
    EINT2_IRQHandler                         0x0000023b   Thumb Code     0  startup_lpc17xx.o(.text)
    EINT3_IRQHandler                         0x0000023b   Thumb Code     0  startup_lpc17xx.o(.text)
    ENET_IRQHandler                          0x0000023b   Thumb Code     0  startup_lpc17xx.o(.text)
    I2C0_IRQHandler                          0x0000023b   Thumb Code     0  startup_lpc17xx.o(.text)
    I2C1_IRQHandler                          0x0000023b   Thumb Code     0  startup_lpc17xx.o(.text)
    I2C2_IRQHandler                          0x0000023b   Thumb Code     0  startup_lpc17xx.o(.text)
    I2S_IRQHandler                           0x0000023b   Thumb Code     0  startup_lpc17xx.o(.text)
    MCPWM_IRQHandler                         0x0000023b   Thumb Code     0  startup_lpc17xx.o(.text)
    PLL0_IRQHandler                          0x0000023b   Thumb Code     0  startup_lpc17xx.o(.text)
    PLL1_IRQHandler                          0x0000023b   Thumb Code     0  startup_lpc17xx.o(.text)
    PWM1_IRQHandler                          0x0000023b   Thumb Code     0  startup_lpc17xx.o(.text)
    QEI_IRQHandler                           0x0000023b   Thumb Code     0  startup_lpc17xx.o(.text)
    RIT_IRQHandler                           0x0000023b   Thumb Code     0  startup_lpc17xx.o(.text)
    RTC_IRQHandler                           0x0000023b   Thumb Code     0  startup_lpc17xx.o(.text)
    SPI_IRQHandler                           0x0000023b   Thumb Code     0  startup_lpc17xx.o(.text)
    SSP0_IRQHandler                          0x0000023b   Thumb Code     0  startup_lpc17xx.o(.text)
    SSP1_IRQHandler                          0x0000023b   Thumb Code     0  startup_lpc17xx.o(.text)
    TIMER0_IRQHandler                        0x0000023b   Thumb Code     0  startup_lpc17xx.o(.text)
    TIMER1_IRQHandler                        0x0000023b   Thumb Code     0  startup_lpc17xx.o(.text)
    TIMER2_IRQHandler                        0x0000023b   Thumb Code     0  startup_lpc17xx.o(.text)
    TIMER3_IRQHandler                        0x0000023b   Thumb Code     0  startup_lpc17xx.o(.text)
    UART2_IRQHandler                         0x0000023b   Thumb Code     0  startup_lpc17xx.o(.text)
    UART3_IRQHandler                         0x0000023b   Thumb Code     0  startup_lpc17xx.o(.text)
    USBActivity_IRQHandler                   0x0000023b   Thumb Code     0  startup_lpc17xx.o(.text)
    USB_IRQHandler                           0x0000023b   Thumb Code     0  startup_lpc17xx.o(.text)
    WDT_IRQHandler                           0x0000023b   Thumb Code     0  startup_lpc17xx.o(.text)
    __scatterload                            0x00000245   Thumb Code    28  init.o(.text)
    __scatterload_rt2                        0x00000245   Thumb Code     0  init.o(.text)
    SVC_Count                                0x00000268   Data           4  svc_table.o(SVC_TABLE)
    Free                                     0x0000026d   Thumb Code     6  uart.o(i.Free)
    SVC_Table                                0x0000026c   Data           0  svc_table.o(SVC_TABLE)
    FreeRcv                                  0x00000275   Thumb Code    28  uart.o(i.FreeRcv)
    FreeSnd                                  0x00000299   Thumb Code    28  uart.o(i.FreeSnd)
    UARTSendChar                             0x000002bd   Thumb Code    26  uart.o(i.UARTSendChar)
    __0printf$bare                           0x000002e1   Thumb Code     8  printfb.o(i.__0printf$bare)
    __1printf$bare                           0x000002e1   Thumb Code     0  printfb.o(i.__0printf$bare)
    __2printf                                0x000002e1   Thumb Code     0  printfb.o(i.__0printf$bare)
    __scatterload_null                       0x000002f1   Thumb Code     2  handlers.o(i.__scatterload_null)
    generic_thread                           0x000002f3   Thumb Code     8  main.o(i.generic_thread)
    os_tick_irqack                           0x000002fb   Thumb Code     2  rt_system.o(i.os_tick_irqack)
    SystemInit                               0x00000301   Thumb Code   302  system_lpc17xx.o(i.SystemInit)
    UART0_IRQHandler                         0x00000441   Thumb Code    88  uart.o(i.UART0_IRQHandler)
    __RL_RTX_VER                             0x00000482   Number         0  rt_system.o ABSOLUTE
    UART1_IRQHandler                         0x000004a9   Thumb Code    90  uart.o(i.UART1_IRQHandler)
    UARTInit                                 0x00000519   Thumb Code   176  uart.o(i.UARTInit)
    __scatterload_copy                       0x000005ef   Thumb Code    14  handlers.o(i.__scatterload_copy)
    __scatterload_zeroinit                   0x000005fd   Thumb Code    14  handlers.o(i.__scatterload_zeroinit)
    _init_box                                0x0000060b   Thumb Code    70  rt_membox.o(i._init_box)
    dbg_init                                 0x00000675   Thumb Code    34  hal_cm.o(i.dbg_init)
    dbg_task_notify                          0x000006a5   Thumb Code    32  hal_cm.o(i.dbg_task_notify)
    dbg_task_switch                          0x000006c5   Thumb Code    16  hal_cm.o(i.dbg_task_switch)
    fputc                                    0x000006d5   Thumb Code    14  retarget.o(i.fputc)
    getFrequency                             0x000006e5   Thumb Code    62  uart.o(i.getFrequency)
    isrMessageGet                            0x0000072d   Thumb Code    42  rt_cmsis.o(i.isrMessageGet)
    isrMessagePut                            0x00000757   Thumb Code    44  rt_cmsis.o(i.isrMessagePut)
    isr_mbx_receive                          0x00000785   Thumb Code    86  rt_mailbox.o(i.isr_mbx_receive)
    isr_mbx_send                             0x000007db   Thumb Code    14  rt_mailbox.o(i.isr_mbx_send)
    main                                     0x000007e9   Thumb Code    26  main.o(i.main)
    osKernelInitialize                       0x00000819   Thumb Code    30  rt_cmsis.o(i.osKernelInitialize)
    osKernelStart                            0x0000083d   Thumb Code    98  rt_cmsis.o(i.osKernelStart)
    osMessageGet                             0x000008a9   Thumb Code    18  rt_cmsis.o(i.osMessageGet)
    osThreadCreate                           0x000008c1   Thumb Code    36  rt_cmsis.o(i.osThreadCreate)
    osThreadExit                             0x000008ed   Thumb Code    14  rt_cmsis.o(i.osThreadExit)
    osThreadYield                            0x00000905   Thumb Code    18  rt_cmsis.o(i.osThreadYield)
    osTimerCall                              0x0000091d   Thumb Code     8  rt_cmsis.o(i.osTimerCall)
    osTimerThread                            0x00000929   Thumb Code    38  rt_cmsis.o(i.osTimerThread)
    os_error                                 0x00000955   Thumb Code    34  rtx_conf_cm.o(i.os_error)
    os_idle_demon                            0x00000977   Thumb Code     4  rtx_conf_cm.o(i.os_idle_demon)
    os_tick_init                             0x0000097d   Thumb Code    32  rt_system.o(i.os_tick_init)
    rt_alloc_box                             0x000009a5   Thumb Code    26  rt_membox.o(i.rt_alloc_box)
    rt_alloc_mem                             0x000009bf   Thumb Code    62  rt_memory.o(i.rt_alloc_mem)
    rt_block                                 0x000009fd   Thumb Code    48  rt_task.o(i.rt_block)
    rt_chk_robin                             0x00000a35   Thumb Code    60  rt_robin.o(i.rt_chk_robin)
    rt_dec_dly                               0x00000a7d   Thumb Code   102  rt_list.o(i.rt_dec_dly)
    rt_dispatch                              0x00000aed   Thumb Code    60  rt_task.o(i.rt_dispatch)
    rt_evt_psh                               0x00000b31   Thumb Code    76  rt_event.o(i.rt_evt_psh)
    rt_free_box                              0x00000b81   Thumb Code    44  rt_membox.o(i.rt_free_box)
    rt_free_mem                              0x00000bad   Thumb Code    40  rt_memory.o(i.rt_free_mem)
    rt_get_first                             0x00000bd5   Thumb Code    40  rt_list.o(i.rt_get_first)
    rt_get_same_rdy_prio                     0x00000bfd   Thumb Code    26  rt_list.o(i.rt_get_same_rdy_prio)
    rt_init_mem                              0x00000c71   Thumb Code    26  rt_memory.o(i.rt_init_mem)
    rt_init_robin                            0x00000c8d   Thumb Code    14  rt_robin.o(i.rt_init_robin)
    rt_init_stack                            0x00000ca5   Thumb Code   118  hal_cm.o(i.rt_init_stack)
    rt_mbx_check                             0x00000d25   Thumb Code     8  rt_mailbox.o(i.rt_mbx_check)
    rt_mbx_init                              0x00000d2d   Thumb Code    26  rt_mailbox.o(i.rt_mbx_init)
    rt_mbx_psh                               0x00000d49   Thumb Code   236  rt_mailbox.o(i.rt_mbx_psh)
    rt_mbx_wait                              0x00000e39   Thumb Code   174  rt_mailbox.o(i.rt_mbx_wait)
    rt_pop_req                               0x00000f31   Thumb Code   112  rt_system.o(i.rt_pop_req)
    rt_psh_req                               0x00000fad   Thumb Code    22  rt_system.o(i.rt_psh_req)
    rt_psq_enq                               0x00000fcd   Thumb Code    88  rt_list.o(i.rt_psq_enq)
    rt_put_dly                               0x00001029   Thumb Code    68  rt_list.o(i.rt_put_dly)
    rt_put_prio                              0x00001071   Thumb Code    54  rt_list.o(i.rt_put_prio)
    rt_put_rdy_first                         0x000010a9   Thumb Code    14  rt_list.o(i.rt_put_rdy_first)
    rt_resort_prio                           0x000010bd   Thumb Code    46  rt_list.o(i.rt_resort_prio)
    rt_ret_val                               0x000010f1   Thumb Code     6  hal_cm.o(i.rt_ret_val)
    rt_ret_val2                              0x000010f7   Thumb Code     8  hal_cm.o(i.rt_ret_val2)
    rt_rmv_dly                               0x000010ff   Thumb Code    40  rt_list.o(i.rt_rmv_dly)
    rt_rmv_list                              0x00001129   Thumb Code    44  rt_list.o(i.rt_rmv_list)
    rt_sem_psh                               0x00001159   Thumb Code    48  rt_semaphore.o(i.rt_sem_psh)
    rt_stk_check                             0x0000118d   Thumb Code    28  rt_system.o(i.rt_stk_check)
    rt_switch_req                            0x000011b1   Thumb Code    30  rt_task.o(i.rt_switch_req)
    rt_sys_init                              0x000011d9   Thumb Code   138  rt_task.o(i.rt_sys_init)
    rt_sys_start                             0x000012a5   Thumb Code   110  rt_task.o(i.rt_sys_start)
    rt_systick                               0x0000131d   Thumb Code    50  rt_system.o(i.rt_systick)
    rt_tsk_create                            0x000013a5   Thumb Code   118  rt_task.o(i.rt_tsk_create)
    rt_tsk_delete                            0x0000142d   Thumb Code   352  rt_task.o(i.rt_tsk_delete)
    rt_tsk_pass                              0x000015a9   Thumb Code    38  rt_task.o(i.rt_tsk_pass)
    rt_tsk_prio                              0x000015d9   Thumb Code   108  rt_task.o(i.rt_tsk_prio)
    rt_tsk_self                              0x00001655   Thumb Code    12  rt_task.o(i.rt_tsk_self)
    sendchar                                 0x00001665   Thumb Code    64  retarget.o(i.sendchar)
    svcKernelInitialize                      0x000016a9   Thumb Code    80  rt_cmsis.o(i.svcKernelInitialize)
    svcKernelStart                           0x00001719   Thumb Code    62  rt_cmsis.o(i.svcKernelStart)
    svcMessageCreate                         0x00001761   Thumb Code    36  rt_cmsis.o(i.svcMessageCreate)
    svcMessageGet                            0x00001785   Thumb Code    58  rt_cmsis.o(i.svcMessageGet)
    svcThreadCreate                          0x000017c1   Thumb Code    96  rt_cmsis.o(i.svcThreadCreate)
    svcThreadGetId                           0x0000182d   Thumb Code    22  rt_cmsis.o(i.svcThreadGetId)
    svcThreadTerminate                       0x00001849   Thumb Code    50  rt_cmsis.o(i.svcThreadTerminate)
    svcThreadYield                           0x00001881   Thumb Code    10  rt_cmsis.o(i.svcThreadYield)
    svcTimerCall                             0x0000188b   Thumb Code    24  rt_cmsis.o(i.svcTimerCall)
    sysTimerTick                             0x000018a5   Thumb Code    84  rt_cmsis.o(i.sysTimerTick)
    os_thread_def_generic_thread             0x00001900   Data          16  main.o(.constdata)
    os_maxtaskrun                            0x00001910   Data           2  rtx_conf_cm.o(.constdata)
    os_stackinfo                             0x00001914   Data           4  rtx_conf_cm.o(.constdata)
    os_rrobin                                0x00001918   Data           4  rtx_conf_cm.o(.constdata)
    os_tickfreq                              0x0000191c   Data           4  rtx_conf_cm.o(.constdata)
    os_tickus_i                              0x00001920   Data           2  rtx_conf_cm.o(.constdata)
    os_tickus_f                              0x00001922   Data           2  rtx_conf_cm.o(.constdata)
    os_trv                                   0x00001924   Data           4  rtx_conf_cm.o(.constdata)
    os_flags                                 0x00001928   Data           1  rtx_conf_cm.o(.constdata)
    CMSIS_RTOS_API_Version                   0x0000192c   Data           4  rtx_conf_cm.o(.constdata)
    CMSIS_RTOS_RTX_Version                   0x00001930   Data           4  rtx_conf_cm.o(.constdata)
    os_clockrate                             0x00001934   Data           4  rtx_conf_cm.o(.constdata)
    os_timernum                              0x00001938   Data           4  rtx_conf_cm.o(.constdata)
    mp_tcb_size                              0x0000193c   Data           2  rtx_conf_cm.o(.constdata)
    mp_stk_size                              0x00001940   Data           4  rtx_conf_cm.o(.constdata)
    os_stack_sz                              0x00001944   Data           4  rtx_conf_cm.o(.constdata)
    os_fifo_size                             0x00001948   Data           1  rtx_conf_cm.o(.constdata)
    os_thread_def_osTimerThread              0x0000194c   Data          16  rtx_conf_cm.o(.constdata)
    os_messageQ_def_osTimerMessageQ          0x0000195c   Data           8  rtx_conf_cm.o(.constdata)
    mp_tmr_size                              0x00001964   Data           2  rtx_conf_cm.o(.constdata)
    os_thread_def_main                       0x00001968   Data          16  rtx_conf_cm.o(.constdata)
    Region$$Table$$Base                      0x00001978   Number         0  anon$$obj.o(Region$$Table)
    Region$$Table$$Limit                     0x00001998   Number         0  anon$$obj.o(Region$$Table)
    uart_init_called                         0x10000000   Data           1  retarget.o(.data)
    __stdout                                 0x10000004   Data           4  retarget.o(.data)
    __stdin                                  0x10000008   Data           4  retarget.o(.data)
    ITM_RxBuffer                             0x1000000c   Data           4  uart.o(.data)
    UART0Status                              0x10000010   Data           4  uart.o(.data)
    UART1Status                              0x10000014   Data           4  uart.o(.data)
    UART0TxEmpty                             0x10000018   Data           1  uart.o(.data)
    UART1TxEmpty                             0x10000019   Data           1  uart.o(.data)
    UART0Count                               0x1000001c   Data           4  uart.o(.data)
    UART1Count                               0x10000020   Data           4  uart.o(.data)
    RcvLock0                                 0x10000024   Data           1  uart.o(.data)
    SndLock0                                 0x10000025   Data           1  uart.o(.data)
    RcvLock1                                 0x10000026   Data           1  uart.o(.data)
    SndLock1                                 0x10000027   Data           1  uart.o(.data)
    i                                        0x10000028   Data           4  uart.o(.data)
    osThreadId_osTimerThread                 0x1000002c   Data           4  rtx_conf_cm.o(.data)
    osMessageQId_osTimerMessageQ             0x10000030   Data           4  rtx_conf_cm.o(.data)
    os_tmr                                   0x10000034   Data           4  rtx_conf_cm.o(.data)
    m_tmr                                    0x10000038   Data           4  rtx_conf_cm.o(.data)
    SystemCoreClock                          0x1000003c   Data           4  system_lpc17xx.o(.data)
    os_initialized                           0x10000040   Data           1  rt_cmsis.o(.data)
    os_running                               0x10000041   Data           1  rt_cmsis.o(.data)
    os_timer_head                            0x10000044   Data           4  rt_cmsis.o(.data)
    os_tsk                                   0x10000048   Data           8  rt_task.o(.data)
    os_tick_irqn                             0x10000054   Data           4  rt_system.o(.data)
    os_time                                  0x10000058   Data           4  rt_time.o(.data)
    dbg_msg                                  0x1000005c   Data           1  hal_cm.o(.data)
    os_robin                                 0x10000060   Data           8  rt_robin.o(.data)
    UART0Buffer                              0x10000068   Data          64  uart.o(.bss)
    UART1Buffer                              0x100000a8   Data          64  uart.o(.bss)
    mp_tcb                                   0x100000e8   Data         376  rtx_conf_cm.o(.bss)
    mp_stk                                   0x10000260   Data        3088  rtx_conf_cm.o(.bss)
    os_stack_mem                             0x10000e70   Data         744  rtx_conf_cm.o(.bss)
    os_fifo                                  0x10001158   Data         132  rtx_conf_cm.o(.bss)
    os_active_TCB                            0x100011dc   Data          28  rtx_conf_cm.o(.bss)
    os_messageQ_q_osTimerMessageQ            0x100011f8   Data          32  rtx_conf_cm.o(.bss)
    os_idle_TCB                              0x10001218   Data          52  rt_task.o(.bss)
    os_rdy                                   0x1000124c   Data          24  rt_list.o(.bss)
    os_dly                                   0x10001264   Data          24  rt_list.o(.bss)
    __initial_sp                             0x10003280   Data           0  startup_lpc17xx.o(STACK)



==============================================================================

Memory Map of the image

  Image Entry point : 0x00000221

  Load Region LR_1 (Base: 0x00000000, Size: 0x00001a00, Max: 0xffffffff, ABSOLUTE)

    Execution Region ER_RO (Exec base: 0x00000000, Load base: 0x00000000, Size: 0x00001998, Max: 0xffffffff, ABSOLUTE)

    Exec Addr    Load Addr    Size         Type   Attr      Idx    E Section Name        Object

    0x00000000   0x00000000   0x000000cc   Data   RO          590    RESET               startup_lpc17xx.o
    0x000000cc   0x000000cc   0x00000000   Code   RO         1842  * .ARM.Collect$$$$00000000  mc_w.l(entry.o)
    0x000000cc   0x000000cc   0x00000004   Code   RO         2107    .ARM.Collect$$$$00000001  mc_w.l(entry2.o)
    0x000000d0   0x000000d0   0x00000004   Code   RO         2110    .ARM.Collect$$$$00000004  mc_w.l(entry5.o)
    0x000000d4   0x000000d4   0x00000000   Code   RO         2112    .ARM.Collect$$$$00000008  mc_w.l(entry7b.o)
    0x000000d4   0x000000d4   0x00000000   Code   RO         2114    .ARM.Collect$$$$0000000A  mc_w.l(entry8b.o)
    0x000000d4   0x000000d4   0x00000000   Code   RO         2115    .ARM.Collect$$$$0000000D  mc_w.l(entry10a.o)
    0x000000d4   0x000000d4   0x00000000   Code   RO         2117    .ARM.Collect$$$$0000000F  mc_w.l(entry11a.o)
    0x000000d4   0x000000d4   0x00000018   Code   RO          550    .ARM.Collect$$$$000000FF  rtx_conf_cm.o
    0x000000ec   0x000000ec   0x00000004   Code   RO         2108    .ARM.Collect$$$$00002712  mc_w.l(entry2.o)
    0x000000f0   0x000000f0   0x00000130   Code   RO         1829    .emb_text           RTX_CM3.lib(hal_cm3.o)
    0x00000220   0x00000220   0x00000024   Code   RO          592  * .text               startup_lpc17xx.o
    0x00000244   0x00000244   0x00000024   Code   RO         2136    .text               mc_w.l(init.o)
    0x00000268   0x00000268   0x00000004   Code   RO         1839    SVC_TABLE           RTX_CM3.lib(svc_table.o)
    0x0000026c   0x0000026c   0x00000006   Code   RO          439    i.Free              uart.o
    0x00000272   0x00000272   0x00000002   PAD
    0x00000274   0x00000274   0x00000024   Code   RO          440    i.FreeRcv           uart.o
    0x00000298   0x00000298   0x00000024   Code   RO          441    i.FreeSnd           uart.o
    0x000002bc   0x000002bc   0x00000024   Code   RO          451    i.UARTSendChar      uart.o
    0x000002e0   0x000002e0   0x00000010   Code   RO         1848    i.__0printf$bare    mc_w.l(printfb.o)
    0x000002f0   0x000002f0   0x00000002   Code   RO         2145    i.__scatterload_null  mc_w.l(handlers.o)
    0x000002f2   0x000002f2   0x00000008   Code   RO          331    i.generic_thread    main.o
    0x000002fa   0x000002fa   0x00000002   Code   RO         1342    i.os_tick_irqack    RTX_CM3.lib(rt_system.o)
    0x000002fc   0x000002fc   0x00000004   Code   RO          591    .ARM.__at_0x02FC    startup_lpc17xx.o
    0x00000300   0x00000300   0x00000140   Code   RO          602    i.SystemInit        system_lpc17xx.o
    0x00000440   0x00000440   0x00000068   Code   RO          445    i.UART0_IRQHandler  uart.o
    0x000004a8   0x000004a8   0x00000070   Code   RO          446    i.UART1_IRQHandler  uart.o
    0x00000518   0x00000518   0x000000bc   Code   RO          447    i.UARTInit          uart.o
    0x000005d4   0x000005d4   0x0000001a   Code   RO          452    i.__NVIC_EnableIRQ  uart.o
    0x000005ee   0x000005ee   0x0000000e   Code   RO         2144    i.__scatterload_copy  mc_w.l(handlers.o)
    0x000005fc   0x000005fc   0x0000000e   Code   RO         2146    i.__scatterload_zeroinit  mc_w.l(handlers.o)
    0x0000060a   0x0000060a   0x00000046   Code   RO         1707    i._init_box         RTX_CM3.lib(rt_membox.o)
    0x00000650   0x00000650   0x00000022   Code   RO         1855    i._printf_core      mc_w.l(printfb.o)
    0x00000672   0x00000672   0x00000002   PAD
    0x00000674   0x00000674   0x00000030   Code   RO         1760    i.dbg_init          RTX_CM3.lib(hal_cm.o)
    0x000006a4   0x000006a4   0x00000020   Code   RO         1761    i.dbg_task_notify   RTX_CM3.lib(hal_cm.o)
    0x000006c4   0x000006c4   0x00000010   Code   RO         1762    i.dbg_task_switch   RTX_CM3.lib(hal_cm.o)
    0x000006d4   0x000006d4   0x0000000e   Code   RO          379    i.fputc             retarget.o
    0x000006e2   0x000006e2   0x00000002   PAD
    0x000006e4   0x000006e4   0x00000048   Code   RO          453    i.getFrequency      uart.o
    0x0000072c   0x0000072c   0x0000002a   Code   RO          637    i.isrMessageGet     RTX_CM3.lib(rt_cmsis.o)
    0x00000756   0x00000756   0x0000002c   Code   RO          638    i.isrMessagePut     RTX_CM3.lib(rt_cmsis.o)
    0x00000782   0x00000782   0x00000002   PAD
    0x00000784   0x00000784   0x00000056   Code   RO         1553    i.isr_mbx_receive   RTX_CM3.lib(rt_mailbox.o)
    0x000007da   0x000007da   0x0000000e   Code   RO         1554    i.isr_mbx_send      RTX_CM3.lib(rt_mailbox.o)
    0x000007e8   0x000007e8   0x00000030   Code   RO          332    i.main              main.o
    0x00000818   0x00000818   0x00000024   Code   RO          642    i.osKernelInitialize  RTX_CM3.lib(rt_cmsis.o)
    0x0000083c   0x0000083c   0x0000006c   Code   RO          644    i.osKernelStart     RTX_CM3.lib(rt_cmsis.o)
    0x000008a8   0x000008a8   0x00000018   Code   RO          653    i.osMessageGet      RTX_CM3.lib(rt_cmsis.o)
    0x000008c0   0x000008c0   0x0000002c   Code   RO          670    i.osThreadCreate    RTX_CM3.lib(rt_cmsis.o)
    0x000008ec   0x000008ec   0x00000018   Code   RO          671    i.osThreadExit      RTX_CM3.lib(rt_cmsis.o)
    0x00000904   0x00000904   0x00000018   Code   RO          676    i.osThreadYield     RTX_CM3.lib(rt_cmsis.o)
    0x0000091c   0x0000091c   0x0000000c   Code   RO          677    i.osTimerCall       RTX_CM3.lib(rt_cmsis.o)
    0x00000928   0x00000928   0x0000002c   Code   RO          682    i.osTimerThread     RTX_CM3.lib(rt_cmsis.o)
    0x00000954   0x00000954   0x00000022   Code   RO          551    i.os_error          rtx_conf_cm.o
    0x00000976   0x00000976   0x00000004   Code   RO          552    i.os_idle_demon     rtx_conf_cm.o
    0x0000097a   0x0000097a   0x00000002   PAD
    0x0000097c   0x0000097c   0x00000028   Code   RO         1341    i.os_tick_init      RTX_CM3.lib(rt_system.o)
    0x000009a4   0x000009a4   0x0000001a   Code   RO         1708    i.rt_alloc_box      RTX_CM3.lib(rt_membox.o)
    0x000009be   0x000009be   0x0000003e   Code   RO         1736    i.rt_alloc_mem      RTX_CM3.lib(rt_memory.o)
    0x000009fc   0x000009fc   0x00000038   Code   RO         1256    i.rt_block          RTX_CM3.lib(rt_task.o)
    0x00000a34   0x00000a34   0x00000048   Code   RO         1808    i.rt_chk_robin      RTX_CM3.lib(rt_robin.o)
    0x00000a7c   0x00000a7c   0x00000070   Code   RO         1477    i.rt_dec_dly        RTX_CM3.lib(rt_list.o)
    0x00000aec   0x00000aec   0x00000044   Code   RO         1257    i.rt_dispatch       RTX_CM3.lib(rt_task.o)
    0x00000b30   0x00000b30   0x00000050   Code   RO         1434    i.rt_evt_psh        RTX_CM3.lib(rt_event.o)
    0x00000b80   0x00000b80   0x0000002c   Code   RO         1709    i.rt_free_box       RTX_CM3.lib(rt_membox.o)
    0x00000bac   0x00000bac   0x00000028   Code   RO         1737    i.rt_free_mem       RTX_CM3.lib(rt_memory.o)
    0x00000bd4   0x00000bd4   0x00000028   Code   RO         1478    i.rt_get_first      RTX_CM3.lib(rt_list.o)
    0x00000bfc   0x00000bfc   0x00000024   Code   RO         1479    i.rt_get_same_rdy_prio  RTX_CM3.lib(rt_list.o)
    0x00000c20   0x00000c20   0x00000008   Code   RO          687    i.rt_id2obj         RTX_CM3.lib(rt_cmsis.o)
    0x00000c28   0x00000c28   0x00000048   Code   RO         1258    i.rt_init_context   RTX_CM3.lib(rt_task.o)
    0x00000c70   0x00000c70   0x0000001a   Code   RO         1738    i.rt_init_mem       RTX_CM3.lib(rt_memory.o)
    0x00000c8a   0x00000c8a   0x00000002   PAD
    0x00000c8c   0x00000c8c   0x00000018   Code   RO         1809    i.rt_init_robin     RTX_CM3.lib(rt_robin.o)
    0x00000ca4   0x00000ca4   0x00000080   Code   RO         1763    i.rt_init_stack     RTX_CM3.lib(hal_cm.o)
    0x00000d24   0x00000d24   0x00000008   Code   RO         1555    i.rt_mbx_check      RTX_CM3.lib(rt_mailbox.o)
    0x00000d2c   0x00000d2c   0x0000001a   Code   RO         1556    i.rt_mbx_init       RTX_CM3.lib(rt_mailbox.o)
    0x00000d46   0x00000d46   0x00000002   PAD
    0x00000d48   0x00000d48   0x000000f0   Code   RO         1557    i.rt_mbx_psh        RTX_CM3.lib(rt_mailbox.o)
    0x00000e38   0x00000e38   0x000000b4   Code   RO         1559    i.rt_mbx_wait       RTX_CM3.lib(rt_mailbox.o)
    0x00000eec   0x00000eec   0x00000044   Code   RO          688    i.rt_ms2tick        RTX_CM3.lib(rt_cmsis.o)
    0x00000f30   0x00000f30   0x0000007c   Code   RO         1345    i.rt_pop_req        RTX_CM3.lib(rt_system.o)
    0x00000fac   0x00000fac   0x00000020   Code   RO         1346    i.rt_psh_req        RTX_CM3.lib(rt_system.o)
    0x00000fcc   0x00000fcc   0x0000005c   Code   RO         1480    i.rt_psq_enq        RTX_CM3.lib(rt_list.o)
    0x00001028   0x00001028   0x00000048   Code   RO         1481    i.rt_put_dly        RTX_CM3.lib(rt_list.o)
    0x00001070   0x00001070   0x00000036   Code   RO         1482    i.rt_put_prio       RTX_CM3.lib(rt_list.o)
    0x000010a6   0x000010a6   0x00000002   PAD
    0x000010a8   0x000010a8   0x00000014   Code   RO         1483    i.rt_put_rdy_first  RTX_CM3.lib(rt_list.o)
    0x000010bc   0x000010bc   0x00000034   Code   RO         1484    i.rt_resort_prio    RTX_CM3.lib(rt_list.o)
    0x000010f0   0x000010f0   0x00000006   Code   RO         1764    i.rt_ret_val        RTX_CM3.lib(hal_cm.o)
    0x000010f6   0x000010f6   0x00000008   Code   RO         1765    i.rt_ret_val2       RTX_CM3.lib(hal_cm.o)
    0x000010fe   0x000010fe   0x00000028   Code   RO         1485    i.rt_rmv_dly        RTX_CM3.lib(rt_list.o)
    0x00001126   0x00001126   0x00000002   PAD
    0x00001128   0x00001128   0x00000030   Code   RO         1486    i.rt_rmv_list       RTX_CM3.lib(rt_list.o)
    0x00001158   0x00001158   0x00000034   Code   RO         1604    i.rt_sem_psh        RTX_CM3.lib(rt_semaphore.o)
    0x0000118c   0x0000118c   0x00000024   Code   RO         1348    i.rt_stk_check      RTX_CM3.lib(rt_system.o)
    0x000011b0   0x000011b0   0x00000028   Code   RO         1259    i.rt_switch_req     RTX_CM3.lib(rt_task.o)
    0x000011d8   0x000011d8   0x000000cc   Code   RO         1260    i.rt_sys_init       RTX_CM3.lib(rt_task.o)
    0x000012a4   0x000012a4   0x00000078   Code   RO         1261    i.rt_sys_start      RTX_CM3.lib(rt_task.o)
    0x0000131c   0x0000131c   0x00000040   Code   RO         1350    i.rt_systick        RTX_CM3.lib(rt_system.o)
    0x0000135c   0x0000135c   0x00000012   Code   RO          689    i.rt_tid2ptcb       RTX_CM3.lib(rt_cmsis.o)
    0x0000136e   0x0000136e   0x00000002   PAD
    0x00001370   0x00001370   0x00000034   Code   RO          690    i.rt_timer_insert   RTX_CM3.lib(rt_cmsis.o)
    0x000013a4   0x000013a4   0x00000088   Code   RO         1262    i.rt_tsk_create     RTX_CM3.lib(rt_task.o)
    0x0000142c   0x0000142c   0x0000017c   Code   RO         1263    i.rt_tsk_delete     RTX_CM3.lib(rt_task.o)
    0x000015a8   0x000015a8   0x00000030   Code   RO         1264    i.rt_tsk_pass       RTX_CM3.lib(rt_task.o)
    0x000015d8   0x000015d8   0x0000007c   Code   RO         1265    i.rt_tsk_prio       RTX_CM3.lib(rt_task.o)
    0x00001654   0x00001654   0x00000010   Code   RO         1266    i.rt_tsk_self       RTX_CM3.lib(rt_task.o)
    0x00001664   0x00001664   0x00000044   Code   RO          381    i.sendchar          retarget.o
    0x000016a8   0x000016a8   0x00000070   Code   RO          693    i.svcKernelInitialize  RTX_CM3.lib(rt_cmsis.o)
    0x00001718   0x00001718   0x00000048   Code   RO          695    i.svcKernelStart    RTX_CM3.lib(rt_cmsis.o)
    0x00001760   0x00001760   0x00000024   Code   RO          698    i.svcMessageCreate  RTX_CM3.lib(rt_cmsis.o)
    0x00001784   0x00001784   0x0000003a   Code   RO          699    i.svcMessageGet     RTX_CM3.lib(rt_cmsis.o)
    0x000017be   0x000017be   0x00000002   PAD
    0x000017c0   0x000017c0   0x0000006c   Code   RO          713    i.svcThreadCreate   RTX_CM3.lib(rt_cmsis.o)
    0x0000182c   0x0000182c   0x0000001c   Code   RO          714    i.svcThreadGetId    RTX_CM3.lib(rt_cmsis.o)
    0x00001848   0x00001848   0x00000038   Code   RO          717    i.svcThreadTerminate  RTX_CM3.lib(rt_cmsis.o)
    0x00001880   0x00001880   0x0000000a   Code   RO          718    i.svcThreadYield    RTX_CM3.lib(rt_cmsis.o)
    0x0000188a   0x0000188a   0x00000018   Code   RO          719    i.svcTimerCall      RTX_CM3.lib(rt_cmsis.o)
    0x000018a2   0x000018a2   0x00000002   PAD
    0x000018a4   0x000018a4   0x0000005c   Code   RO          728    i.sysTimerTick      RTX_CM3.lib(rt_cmsis.o)
    0x00001900   0x00001900   0x00000010   Data   RO          333    .constdata          main.o
    0x00001910   0x00001910   0x00000068   Data   RO          554    .constdata          rtx_conf_cm.o
    0x00001978   0x00001978   0x00000020   Data   RO         2142    Region$$Table       anon$$obj.o


    Execution Region ER_RW (Exec base: 0x10000000, Load base: 0x00001998, Size: 0x00000068, Max: 0xffffffff, ABSOLUTE)

    Exec Addr    Load Addr    Size         Type   Attr      Idx    E Section Name        Object

    0x10000000   0x00001998   0x0000000c   Data   RW          382    .data               retarget.o
    0x1000000c   0x000019a4   0x00000020   Data   RW          455    .data               uart.o
    0x1000002c   0x000019c4   0x00000010   Data   RW          555    .data               rtx_conf_cm.o
    0x1000003c   0x000019d4   0x00000004   Data   RW          603    .data               system_lpc17xx.o
    0x10000040   0x000019d8   0x00000008   Data   RW          731    .data               RTX_CM3.lib(rt_cmsis.o)
    0x10000048   0x000019e0   0x00000008   Data   RW         1268    .data               RTX_CM3.lib(rt_task.o)
    0x10000050   0x000019e8   0x00000008   Data   RW         1353    .data               RTX_CM3.lib(rt_system.o)
    0x10000058   0x000019f0   0x00000004   Data   RW         1647    .data               RTX_CM3.lib(rt_time.o)
    0x1000005c   0x000019f4   0x00000001   Data   RW         1766    .data               RTX_CM3.lib(hal_cm.o)
    0x1000005d   0x000019f5   0x00000003   PAD
    0x10000060   0x000019f8   0x00000008   Data   RW         1810    .data               RTX_CM3.lib(rt_robin.o)


    Execution Region ER_ZI (Exec base: 0x10000068, Load base: 0x00001a00, Size: 0x00003218, Max: 0xffffffff, ABSOLUTE)

    Exec Addr    Load Addr    Size         Type   Attr      Idx    E Section Name        Object

    0x10000068        -       0x00000080   Zero   RW          454    .bss                uart.o
    0x100000e8        -       0x00001130   Zero   RW          553    .bss                rtx_conf_cm.o
    0x10001218        -       0x00000034   Zero   RW         1267    .bss                RTX_CM3.lib(rt_task.o)
    0x1000124c        -       0x00000030   Zero   RW         1487    .bss                RTX_CM3.lib(rt_list.o)
    0x1000127c   0x00001a00   0x00000004   PAD
    0x10001280        -       0x00002000   Zero   RW          588    STACK               startup_lpc17xx.o


==============================================================================

Image component sizes


      Code (inc. data)   RO Data    RW Data    ZI Data      Debug   Object Name

         0          0          0          0          0       4556   glcd_scroll.o
         0          0          0          0          0      16764   glcd_spi_lpc1700.o
        56         22         16          0          0       5557   main.o
        82          4          0         12          0       2770   retarget.o
        62          6        104         16       4400       7528   rtx_conf_cm.o
        40         12        204          0       8192        956   startup_lpc17xx.o
       320         18          0          4          0        771   system_lpc17xx.o
       616         86          0         32        128      32107   uart.o

    ----------------------------------------------------------------------
      1182        148        356         64      12720      71009   Object Totals
         0          0         32          0          0          0   (incl. Generated)
         6          0          0          0          0          0   (incl. Padding)

    ----------------------------------------------------------------------

      Code (inc. data)   RO Data    RW Data    ZI Data      Debug   Library Member Name

       238         24          0          1          0       3312   hal_cm.o
       304         36          0          0          0        768   hal_cm3.o
      1144        144          0          8          0      32802   rt_cmsis.o
        80          4          0          0          0        661   rt_event.o
       566         44          0          0         48       8792   rt_list.o
       554         10          0          0          0       3949   rt_mailbox.o
       140          0          0          0          0       1925   rt_membox.o
       128          0          0          0          0       2307   rt_memory.o
        96         22          0          8          0       1158   rt_robin.o
        52          4          0          0          0        573   rt_semaphore.o
       298         52          0          8          0       6223   rt_system.o
      1264        184          0          8         52      10147   rt_task.o
         0          0          0          4          0        214   rt_time.o
         4          4          0          0          0        208   svc_table.o
         0          0          0          0          0          0   entry.o
         0          0          0          0          0          0   entry10a.o
         0          0          0          0          0          0   entry11a.o
         8          4          0          0          0          0   entry2.o
         4          0          0          0          0          0   entry5.o
         0          0          0          0          0          0   entry7b.o
         0          0          0          0          0          0   entry8b.o
        30          0          0          0          0          0   handlers.o
        36          8          0          0          0         68   init.o
        50          8          0          0          0        152   printfb.o

    ----------------------------------------------------------------------
      5014        548          0         40        104      73259   Library Totals
        18          0          0          3          4          0   (incl. Padding)

    ----------------------------------------------------------------------

      Code (inc. data)   RO Data    RW Data    ZI Data      Debug   Library Name

      4868        528          0         37        100      73039   RTX_CM3.lib
       128         20          0          0          0        220   mc_w.l

    ----------------------------------------------------------------------
      5014        548          0         40        104      73259   Library Totals

    ----------------------------------------------------------------------

==============================================================================


      Code (inc. data)   RO Data    RW Data    ZI Data      Debug   

      6196        696        356        104      12824     140052   Grand Totals
      6196        696        356        104      12824     140052   ELF Image Totals
      6196        696        356        104          0          0   ROM Totals

==============================================================================

    Total RO  Size (Code + RO Data)                 6552 (   6.40kB)
    Total RW  Size (RW Data + ZI Data)             12928 (  12.63kB)
    Total ROM Size (Code + RO Data + RW Data)       6656 (   6.50kB)

==============================================================================

